Component: ARM Compiler 5.06 update 5 (build 528) Tool: armlink [4d35e2]

==============================================================================

Section Cross References

    startup_stm32f103xe.o(RESET) refers to startup_stm32f103xe.o(STACK) for __initial_sp
    startup_stm32f103xe.o(RESET) refers to startup_stm32f103xe.o(.text) for Reset_Handler
    startup_stm32f103xe.o(RESET) refers to stm32f1xx_it.o(i.NMI_Handler) for NMI_Handler
    startup_stm32f103xe.o(RESET) refers to stm32f1xx_it.o(i.HardFault_Handler) for HardFault_Handler
    startup_stm32f103xe.o(RESET) refers to stm32f1xx_it.o(i.MemManage_Handler) for MemManage_Handler
    startup_stm32f103xe.o(RESET) refers to stm32f1xx_it.o(i.BusFault_Handler) for BusFault_Handler
    startup_stm32f103xe.o(RESET) refers to stm32f1xx_it.o(i.UsageFault_Handler) for UsageFault_Handler
    startup_stm32f103xe.o(RESET) refers to stm32f1xx_it.o(i.SVC_Handler) for SVC_Handler
    startup_stm32f103xe.o(RESET) refers to stm32f1xx_it.o(i.DebugMon_Handler) for DebugMon_Handler
    startup_stm32f103xe.o(RESET) refers to stm32f1xx_it.o(i.PendSV_Handler) for PendSV_Handler
    startup_stm32f103xe.o(RESET) refers to stm32f1xx_it.o(i.SysTick_Handler) for SysTick_Handler
    startup_stm32f103xe.o(RESET) refers to stm32f1xx_it.o(i.DMA1_Channel2_IRQHandler) for DMA1_Channel2_IRQHandler
    startup_stm32f103xe.o(RESET) refers to stm32f1xx_it.o(i.DMA1_Channel3_IRQHandler) for DMA1_Channel3_IRQHandler
    startup_stm32f103xe.o(RESET) refers to stm32f1xx_it.o(i.DMA1_Channel4_IRQHandler) for DMA1_Channel4_IRQHandler
    startup_stm32f103xe.o(RESET) refers to stm32f1xx_it.o(i.DMA1_Channel5_IRQHandler) for DMA1_Channel5_IRQHandler
    startup_stm32f103xe.o(RESET) refers to stm32f1xx_it.o(i.USB_LP_CAN1_RX0_IRQHandler) for USB_LP_CAN1_RX0_IRQHandler
    startup_stm32f103xe.o(RESET) refers to stm32f1xx_it.o(i.TIM1_UP_IRQHandler) for TIM1_UP_IRQHandler
    startup_stm32f103xe.o(RESET) refers to stm32f1xx_it.o(i.TIM2_IRQHandler) for TIM2_IRQHandler
    startup_stm32f103xe.o(RESET) refers to stm32f1xx_it.o(i.TIM3_IRQHandler) for TIM3_IRQHandler
    startup_stm32f103xe.o(RESET) refers to stm32f1xx_it.o(i.USART1_IRQHandler) for USART1_IRQHandler
    startup_stm32f103xe.o(RESET) refers to stm32f1xx_it.o(i.USART3_IRQHandler) for USART3_IRQHandler
    startup_stm32f103xe.o(RESET) refers to stm32f1xx_it.o(i.TIM6_IRQHandler) for TIM6_IRQHandler
    startup_stm32f103xe.o(.text) refers to system_stm32f1xx.o(i.SystemInit) for SystemInit
    startup_stm32f103xe.o(.text) refers to entry.o(.ARM.Collect$$$$00000000) for __main
    stm32f1xx_hal_pcd.o(i.HAL_PCD_ActivateRemoteWakeup) refers to stm32f1xx_ll_usb.o(i.USB_ActivateRemoteWakeup) for USB_ActivateRemoteWakeup
    stm32f1xx_hal_pcd.o(i.HAL_PCD_DeActivateRemoteWakeup) refers to stm32f1xx_ll_usb.o(i.USB_DeActivateRemoteWakeup) for USB_DeActivateRemoteWakeup
    stm32f1xx_hal_pcd.o(i.HAL_PCD_DeInit) refers to stm32f1xx_hal_pcd.o(i.HAL_PCD_Stop) for HAL_PCD_Stop
    stm32f1xx_hal_pcd.o(i.HAL_PCD_DeInit) refers to usbd_conf.o(i.HAL_PCD_MspDeInit) for HAL_PCD_MspDeInit
    stm32f1xx_hal_pcd.o(i.HAL_PCD_DevConnect) refers to usbd_conf.o(i.HAL_PCDEx_SetConnectionState) for HAL_PCDEx_SetConnectionState
    stm32f1xx_hal_pcd.o(i.HAL_PCD_DevConnect) refers to stm32f1xx_ll_usb.o(i.USB_DevConnect) for USB_DevConnect
    stm32f1xx_hal_pcd.o(i.HAL_PCD_DevDisconnect) refers to usbd_conf.o(i.HAL_PCDEx_SetConnectionState) for HAL_PCDEx_SetConnectionState
    stm32f1xx_hal_pcd.o(i.HAL_PCD_DevDisconnect) refers to stm32f1xx_ll_usb.o(i.USB_DevDisconnect) for USB_DevDisconnect
    stm32f1xx_hal_pcd.o(i.HAL_PCD_EP_Close) refers to stm32f1xx_ll_usb.o(i.USB_DeactivateEndpoint) for USB_DeactivateEndpoint
    stm32f1xx_hal_pcd.o(i.HAL_PCD_EP_ClrStall) refers to stm32f1xx_ll_usb.o(i.USB_EPClearStall) for USB_EPClearStall
    stm32f1xx_hal_pcd.o(i.HAL_PCD_EP_Flush) refers to stm32f1xx_ll_usb.o(i.USB_FlushTxFifo) for USB_FlushTxFifo
    stm32f1xx_hal_pcd.o(i.HAL_PCD_EP_Flush) refers to stm32f1xx_ll_usb.o(i.USB_FlushRxFifo) for USB_FlushRxFifo
    stm32f1xx_hal_pcd.o(i.HAL_PCD_EP_Open) refers to stm32f1xx_ll_usb.o(i.USB_ActivateEndpoint) for USB_ActivateEndpoint
    stm32f1xx_hal_pcd.o(i.HAL_PCD_EP_Receive) refers to stm32f1xx_ll_usb.o(i.USB_EPStartXfer) for USB_EPStartXfer
    stm32f1xx_hal_pcd.o(i.HAL_PCD_EP_SetStall) refers to stm32f1xx_ll_usb.o(i.USB_EPSetStall) for USB_EPSetStall
    stm32f1xx_hal_pcd.o(i.HAL_PCD_EP_SetStall) refers to stm32f1xx_ll_usb.o(i.USB_EP0_OutStart) for USB_EP0_OutStart
    stm32f1xx_hal_pcd.o(i.HAL_PCD_EP_Transmit) refers to stm32f1xx_ll_usb.o(i.USB_EPStartXfer) for USB_EPStartXfer
    stm32f1xx_hal_pcd.o(i.HAL_PCD_IRQHandler) refers to stm32f1xx_ll_usb.o(i.USB_ReadInterrupts) for USB_ReadInterrupts
    stm32f1xx_hal_pcd.o(i.HAL_PCD_IRQHandler) refers to stm32f1xx_hal_pcd.o(i.PCD_EP_ISR_Handler) for PCD_EP_ISR_Handler
    stm32f1xx_hal_pcd.o(i.HAL_PCD_IRQHandler) refers to usbd_conf.o(i.HAL_PCD_ResetCallback) for HAL_PCD_ResetCallback
[...]
    .bss                                     0x200010e8   Section     1664  usbd_conf.o(.bss)
    mem                                      0x200010e8   Data         544  usbd_conf.o(.bss)
    .bss                                     0x20001768   Section      512  usbd_desc.o(.bss)
    .bss                                     0x20001968   Section     2000  usbd_cdc_if.o(.bss)
    .bss                                     0x20002138   Section       64  stm32f1xx_hal_timebase_tim.o(.bss)
    STACK                                    0x20002178   Section     4096  startup_stm32f103xe.o(STACK)

    Global Symbols

    Symbol Name                              Value     Ov Type        Size  Object(Section)

    BuildAttributes$$THM_ISAv4$P$D$K$B$S$PE$A:L22UL41UL21$X:L11$S22US41US21$IEEE1$IW$USESV6$~STKCKD$USESV7$~SHL$OTIME$ROPI$IEEEX$EBA8$MICROLIB$REQ8$PRES8$EABIv2 0x00000000   Number         0  anon$$obj.o ABSOLUTE
    __ARM_use_no_argv                        0x00000000   Number         0  main.o ABSOLUTE
    __cpp_initialize__aeabi_                  - Undefined Weak Reference
    __cxa_finalize                            - Undefined Weak Reference
    _clock_init                               - Undefined Weak Reference
    _microlib_exit                            - Undefined Weak Reference
    __Vectors_Size                           0x00000130   Number         0  startup_stm32f103xe.o ABSOLUTE
    __Vectors                                0x08000000   Data           4  startup_stm32f103xe.o(RESET)
    __Vectors_End                            0x08000130   Data           0  startup_stm32f103xe.o(RESET)
    __main                                   0x08000131   Thumb Code     0  entry.o(.ARM.Collect$$$$00000000)
    _main_stk                                0x08000131   Thumb Code     0  entry2.o(.ARM.Collect$$$$00000001)
    _main_scatterload                        0x08000135   Thumb Code     0  entry5.o(.ARM.Collect$$$$00000004)
    __main_after_scatterload                 0x08000139   Thumb Code     0  entry5.o(.ARM.Collect$$$$00000004)
    _main_clock                              0x08000139   Thumb Code     0  entry7b.o(.ARM.Collect$$$$00000008)
    _main_cpp_init                           0x08000139   Thumb Code     0  entry8b.o(.ARM.Collect$$$$0000000A)
    _main_init                               0x08000139   Thumb Code     0  entry9a.o(.ARM.Collect$$$$0000000B)
    __rt_final_cpp                           0x08000141   Thumb Code     0  entry10a.o(.ARM.Collect$$$$0000000D)
    __rt_final_exit                          0x08000141   Thumb Code     0  entry11a.o(.ARM.Collect$$$$0000000F)
    Reset_Handler                            0x08000145   Thumb Code     8  startup_stm32f103xe.o(.text)
    ADC1_2_IRQHandler                        0x0800015f   Thumb Code     0  startup_stm32f103xe.o(.text)
    ADC3_IRQHandler                          0x0800015f   Thumb Code     0  startup_stm32f103xe.o(.text)
    CAN1_RX1_IRQHandler                      0x0800015f   Thumb Code     0  startup_stm32f103xe.o(.text)
    CAN1_SCE_IRQHandler                      0x0800015f   Thumb Code     0  startup_stm32f103xe.o(.text)
    DMA1_Channel1_IRQHandler                 0x0800015f   Thumb Code     0  startup_stm32f103xe.o(.text)
    DMA1_Channel6_IRQHandler                 0x0800015f   Thumb Code     0  startup_stm32f103xe.o(.text)
    DMA1_Channel7_IRQHandler                 0x0800015f   Thumb Code     0  startup_stm32f103xe.o(.text)
    DMA2_Channel1_IRQHandler                 0x0800015f   Thumb Code     0  startup_stm32f103xe.o(.text)
    DMA2_Channel2_IRQHandler                 0x0800015f   Thumb Code     0  startup_stm32f103xe.o(.text)
    DMA2_Channel3_IRQHandler                 0x0800015f   Thumb Code     0  startup_stm32f103xe.o(.text)
    DMA2_Channel4_5_IRQHandler               0x0800015f   Thumb Code     0  startup_stm32f103xe.o(.text)
    EXTI0_IRQHandler                         0x0800015f   Thumb Code     0  startup_stm32f103xe.o(.text)
    EXTI15_10_IRQHandler                     0x0800015f   Thumb Code     0  startup_stm32f103xe.o(.text)
    EXTI1_IRQHandler                         0x0800015f   Thumb Code     0  startup_stm32f103xe.o(.text)
    EXTI2_IRQHandler                         0x0800015f   Thumb Code     0  startup_stm32f103xe.o(.text)
    EXTI3_IRQHandler                         0x0800015f   Thumb Code     0  startup_stm32f103xe.o(.text)
    EXTI4_IRQHandler                         0x0800015f   Thumb Code     0  startup_stm32f103xe.o(.text)
    EXTI9_5_IRQHandler                       0x0800015f   Thumb Code     0  startup_stm32f103xe.o(.text)
    FLASH_IRQHandler                         0x0800015f   Thumb Code     0  startup_stm32f103xe.o(.text)
    FSMC_IRQHandler                          0x0800015f   Thumb Code     0  startup_stm32f103xe.o(.text)
    I2C1_ER_IRQHandler                       0x0800015f   Thumb Code     0  startup_stm32f103xe.o(.text)
    I2C1_EV_IRQHandler                       0x0800015f   Thumb Code     0  startup_stm32f103xe.o(.text)
    I2C2_ER_IRQHandler                       0x0800015f   Thumb Code     0  startup_stm32f103xe.o(.text)
    I2C2_EV_IRQHandler                       0x0800015f   Thumb Code     0  startup_stm32f103xe.o(.text)
    PVD_IRQHandler                           0x0800015f   Thumb Code     0  startup_stm32f103xe.o(.text)
    RCC_IRQHandler                           0x0800015f   Thumb Code     0  startup_stm32f103xe.o(.text)
    RTC_Alarm_IRQHandler                     0x0800015f   Thumb Code     0  startup_stm32f103xe.o(.text)
    RTC_IRQHandler                           0x0800015f   Thumb Code     0  startup_stm32f103xe.o(.text)
    SDIO_IRQHandler                          0x0800015f   Thumb Code     0  startup_stm32f103xe.o(.text)
    SPI1_IRQHandler                          0x0800015f   Thumb Code     0  startup_stm32f103xe.o(.text)
    SPI2_IRQHandler                          0x0800015f   Thumb Code     0  startup_stm32f103xe.o(.text)
    SPI3_IRQHandler                          0x0800015f   Thumb Code     0  startup_stm32f103xe.o(.text)
    TAMPER_IRQHandler                        0x0800015f   Thumb Code     0  startup_stm32f103xe.o(.text)
    TIM1_BRK_IRQHandler                      0x0800015f   Thumb Code     0  startup_stm32f103xe.o(.text)
    TIM1_CC_IRQHandler                       0x0800015f   Thumb Code     0  startup_stm32f103xe.o(.text)
    TIM1_TRG_COM_IRQHandler                  0x0800015f   Thumb Code     0  startup_stm32f103xe.o(.text)
    TIM4_IRQHandler                          0x0800015f   Thumb Code     0  startup_stm32f103xe.o(.text)
    TIM5_IRQHandler                          0x0800015f   Thumb Code     0  startup_stm32f103xe.o(.text)
    TIM7_IRQHandler                          0x0800015f   Thumb Code     0  startup_stm32f103xe.o(.text)
    TIM8_BRK_IRQHandler                      0x0800015f   Thumb Code     0  startup_stm32f103xe.o(.text)
    TIM8_CC_IRQHandler                       0x0800015f   Thumb Code     0  startup_stm32f103xe.o(.text)
    TIM8_TRG_COM_IRQHandler                  0x0800015f   Thumb Code     0  startup_stm32f103xe.o(.text)
    TIM8_UP_IRQHandler                       0x0800015f   Thumb Code     0  startup_stm32f103xe.o(.text)
    UART4_IRQHandler                         0x0800015f   Thumb Code     0  startup_stm32f103xe.o(.text)
    UART5_IRQHandler                         0x0800015f   Thumb Code     0  startup_stm32f103xe.o(.text)
    USART2_IRQHandler                        0x0800015f   Thumb Code     0  startup_stm32f103xe.o(.text)
    USBWakeUp_IRQHandler                     0x0800015f   Thumb Code     0  startup_stm32f103xe.o(.text)
    USB_HP_CAN1_TX_IRQHandler                0x0800015f   Thumb Code     0  startup_stm32f103xe.o(.text)
    WWDG_IRQHandler                          0x0800015f   Thumb Code     0  startup_stm32f103xe.o(.text)
    __aeabi_llsr                             0x08000169   Thumb Code    32  llushr.o(.text)
    _ll_ushift_r                             0x08000169   Thumb Code     0  llushr.o(.text)
    __aeabi_memcpy                           0x08000189   Thumb Code    36  memcpya.o(.text)
    __aeabi_memcpy4                          0x08000189   Thumb Code     0  memcpya.o(.text)
    __aeabi_memcpy8                          0x08000189   Thumb Code     0  memcpya.o(.text)
    __aeabi_memset                           0x080001ad   Thumb Code    14  memseta.o(.text)
    __aeabi_memset4                          0x080001ad   Thumb Code     0  memseta.o(.text)
    __aeabi_memset8                          0x080001ad   Thumb Code     0  memseta.o(.text)
    __aeabi_memclr                           0x080001bb   Thumb Code     4  memseta.o(.text)
    __aeabi_memclr4                          0x080001bb   Thumb Code     0  memseta.o(.text)
    __aeabi_memclr8                          0x080001bb   Thumb Code     0  memseta.o(.text)
    _memset$wrapper                          0x080001bf   Thumb Code    18  memseta.o(.text)
    __aeabi_fadd                             0x080001d1   Thumb Code   164  fadd.o(.text)
    __aeabi_fsub                             0x08000275   Thumb Code     6  fadd.o(.text)
    __aeabi_frsub                            0x0800027b   Thumb Code     6  fadd.o(.text)
    __aeabi_fmul                             0x08000281   Thumb Code   100  fmul.o(.text)
    __aeabi_fdiv                             0x080002e5   Thumb Code   124  fdiv.o(.text)
    __aeabi_dadd                             0x08000361   Thumb Code   322  dadd.o(.text)
    __aeabi_dsub                             0x080004a3   Thumb Code     6  dadd.o(.text)
    __aeabi_drsub                            0x080004a9   Thumb Code     6  dadd.o(.text)
    __aeabi_dmul                             0x080004af   Thumb Code   228  dmul.o(.text)
    __aeabi_ddiv                             0x08000593   Thumb Code   222  ddiv.o(.text)
    __aeabi_i2f                              0x08000671   Thumb Code    18  fflti.o(.text)
    __aeabi_i2d                              0x08000683   Thumb Code    34  dflti.o(.text)
    __aeabi_f2iz                             0x080006a5   Thumb Code    50  ffixi.o(.text)
    __aeabi_f2d                              0x080006d7   Thumb Code    38  f2d.o(.text)
    __aeabi_d2f                              0x080006fd   Thumb Code    56  d2f.o(.text)
    __aeabi_llsl                             0x08000735   Thumb Code    30  llshl.o(.text)
    _ll_shift_l                              0x08000735   Thumb Code     0  llshl.o(.text)
    __aeabi_lasr                             0x08000753   Thumb Code    36  llsshr.o(.text)
    _ll_sshift_r                             0x08000753   Thumb Code     0  llsshr.o(.text)
    __I$use$fp                               0x08000777   Thumb Code     0  iusefp.o(.text)
    _float_round                             0x08000777   Thumb Code    18  fepilogue.o(.text)
    _float_epilogue                          0x08000789   Thumb Code    92  fepilogue.o(.text)
    _double_round                            0x080007e5   Thumb Code    30  depilogue.o(.text)
    _double_epilogue                         0x08000803   Thumb Code   156  depilogue.o(.text)
    __scatterload                            0x080008a1   Thumb Code    28  init.o(.text)
    __scatterload_rt2                        0x080008a1   Thumb Code     0  init.o(.text)
    __ARM_scalbn                             0x080008c5   Thumb Code    46  dscalb.o(.text)
    scalbn                                   0x080008c5   Thumb Code     0  dscalb.o(.text)
    __decompress                             0x080008f3   Thumb Code     0  __dczerorl2.o(.text)
    __decompress1                            0x080008f3   Thumb Code    86  __dczerorl2.o(.text)
    ADC_ConversionStop_Disable               0x08000949   Thumb Code    76  stm32f1xx_hal_adc.o(i.ADC_ConversionStop_Disable)
    BusFault_Handler                         0x08000995   Thumb Code     2  stm32f1xx_it.o(i.BusFault_Handler)
    CRC_CHECK                                0x080009dd   Thumb Code    52  uart_osc.o(i.CRC_CHECK)
    Complementary_Filter_1st_Order           0x08000a11   Thumb Code    84  data_process.o(i.Complementary_Filter_1st_Order)
    DMA1_Channel2_IRQHandler                 0x08000a79   Thumb Code     6  stm32f1xx_it.o(i.DMA1_Channel2_IRQHandler)
    DMA1_Channel3_IRQHandler                 0x08000a85   Thumb Code     6  stm32f1xx_it.o(i.DMA1_Channel3_IRQHandler)
    DMA1_Channel4_IRQHandler                 0x08000a91   Thumb Code     6  stm32f1xx_it.o(i.DMA1_Channel4_IRQHandler)
    DMA1_Channel5_IRQHandler                 0x08000a9d   Thumb Code     6  stm32f1xx_it.o(i.DMA1_Channel5_IRQHandler)
    DebugMon_Handler                         0x08000ad3   Thumb Code     2  stm32f1xx_it.o(i.DebugMon_Handler)
    ESP8266ModeCheck                         0x08000ad5   Thumb Code   122  esp8266.o(i.ESP8266ModeCheck)
    ESP8266ModeCtrl                          0x08000b59   Thumb Code   110  esp8266.o(i.ESP8266ModeCtrl)
    Get_IR_Sensor                            0x08000bcd   Thumb Code    26  common.o(i.Get_IR_Sensor)
    HAL_ADC_ConfigChannel                    0x08000bf5   Thumb Code   240  stm32f1xx_hal_adc.o(i.HAL_ADC_ConfigChannel)
    HAL_ADC_Init                             0x08000cf1   Thumb Code   272  stm32f1xx_hal_adc.o(i.HAL_ADC_Init)
    HAL_ADC_MspInit                          0x08000e11   Thumb Code    50  adc.o(i.HAL_ADC_MspInit)
    HAL_DMA_Abort                            0x08000e51   Thumb Code    48  stm32f1xx_hal_dma.o(i.HAL_DMA_Abort)
    HAL_DMA_Abort_IT                         0x08000e81   Thumb Code   296  stm32f1xx_hal_dma.o(i.HAL_DMA_Abort_IT)
    HAL_DMA_IRQHandler                       0x08000fb1   Thumb Code   552  stm32f1xx_hal_dma.o(i.HAL_DMA_IRQHandler)
    HAL_DMA_Init                             0x080011f9   Thumb Code   120  stm32f1xx_hal_dma.o(i.HAL_DMA_Init)
    HAL_DMA_Start_IT                         0x0800127d   Thumb Code   112  stm32f1xx_hal_dma.o(i.HAL_DMA_Start_IT)
    HAL_Delay                                0x080012ed   Thumb Code    32  stm32f1xx_hal.o(i.HAL_Delay)
    HAL_GPIO_DeInit                          0x08001311   Thumb Code   224  stm32f1xx_hal_gpio.o(i.HAL_GPIO_DeInit)
    HAL_GPIO_Init                            0x08001411   Thumb Code   446  stm32f1xx_hal_gpio.o(i.HAL_GPIO_Init)
    HAL_GPIO_ReadPin                         0x080015f9   Thumb Code    10  stm32f1xx_hal_gpio.o(i.HAL_GPIO_ReadPin)
    HAL_GPIO_TogglePin                       0x08001603   Thumb Code     8  stm32f1xx_hal_gpio.o(i.HAL_GPIO_TogglePin)
    HAL_GPIO_WritePin                        0x0800160b   Thumb Code    10  stm32f1xx_hal_gpio.o(i.HAL_GPIO_WritePin)
    HAL_GetTick                              0x08001615   Thumb Code     6  stm32f1xx_hal.o(i.HAL_GetTick)
    HAL_I2C_Init                             0x08001621   Thumb Code   302  stm32f1xx_hal_i2c.o(i.HAL_I2C_Init)
    HAL_I2C_MspInit                          0x08001761   Thumb Code    54  i2c.o(i.HAL_I2C_MspInit)
    HAL_IncTick                              0x080017a5   Thumb Code    12  stm32f1xx_hal.o(i.HAL_IncTick)
    HAL_Init                                 0x080017b5   Thumb Code    32  stm32f1xx_hal.o(i.HAL_Init)
    HAL_InitTick                             0x080017d9   Thumb Code    98  stm32f1xx_hal_timebase_tim.o(i.HAL_InitTick)
    HAL_MspInit                              0x0800184d   Thumb Code   134  stm32f1xx_hal_msp.o(i.HAL_MspInit)
    HAL_NVIC_EnableIRQ                       0x080018dd   Thumb Code    22  stm32f1xx_hal_cortex.o(i.HAL_NVIC_EnableIRQ)
    HAL_NVIC_SetPriority                     0x080018f5   Thumb Code    60  stm32f1xx_hal_cortex.o(i.HAL_NVIC_SetPriority)
    HAL_NVIC_SetPriorityGrouping             0x08001935   Thumb Code    26  stm32f1xx_hal_cortex.o(i.HAL_NVIC_SetPriorityGrouping)
    HAL_PCDEx_PMAConfig                      0x08001959   Thumb Code    52  stm32f1xx_hal_pcd_ex.o(i.HAL_PCDEx_PMAConfig)
    HAL_PCDEx_SetConnectionState             0x0800198d   Thumb Code     2  usbd_conf.o(i.HAL_PCDEx_SetConnectionState)
    HAL_PCD_DataInStageCallback              0x0800198f   Thumb Code    14  usbd_conf.o(i.HAL_PCD_DataInStageCallback)
    HAL_PCD_DataOutStageCallback             0x0800199d   Thumb Code    16  usbd_conf.o(i.HAL_PCD_DataOutStageCallback)
    HAL_PCD_EP_Close                         0x080019ad   Thumb Code    64  stm32f1xx_hal_pcd.o(i.HAL_PCD_EP_Close)
    HAL_PCD_EP_ClrStall                      0x080019ed   Thumb Code    72  stm32f1xx_hal_pcd.o(i.HAL_PCD_EP_ClrStall)
    HAL_PCD_EP_GetRxCount                    0x08001a35   Thumb Code    16  stm32f1xx_hal_pcd.o(i.HAL_PCD_EP_GetRxCount)
    HAL_PCD_EP_Open                          0x08001a45   Thumb Code    68  stm32f1xx_hal_pcd.o(i.HAL_PCD_EP_Open)
    HAL_PCD_EP_Receive                       0x08001a89   Thumb Code    46  stm32f1xx_hal_pcd.o(i.HAL_PCD_EP_Receive)
    HAL_PCD_EP_SetStall                      0x08001ab7   Thumb Code    86  stm32f1xx_hal_pcd.o(i.HAL_PCD_EP_SetStall)
    HAL_PCD_EP_Transmit                      0x08001b0d   Thumb Code    42  stm32f1xx_hal_pcd.o(i.HAL_PCD_EP_Transmit)
    HAL_PCD_IRQHandler                       0x08001b37   Thumb Code   268  stm32f1xx_hal_pcd.o(i.HAL_PCD_IRQHandler)
    HAL_PCD_Init                             0x08001c45   Thumb Code   192  stm32f1xx_hal_pcd.o(i.HAL_PCD_Init)
    HAL_PCD_MspInit                          0x08001d05   Thumb Code    50  usbd_conf.o(i.HAL_PCD_MspInit)
    HAL_PCD_ResetCallback                    0x08001d41   Thumb Code    26  usbd_conf.o(i.HAL_PCD_ResetCallback)
    HAL_PCD_ResumeCallback                   0x08001d5b   Thumb Code     8  usbd_conf.o(i.HAL_PCD_ResumeCallback)
    HAL_PCD_SOFCallback                      0x08001d63   Thumb Code     8  usbd_conf.o(i.HAL_PCD_SOFCallback)
    HAL_PCD_SetAddress                       0x08001d6b   Thumb Code    40  stm32f1xx_hal_pcd.o(i.HAL_PCD_SetAddress)
    HAL_PCD_SetupStageCallback               0x08001d93   Thumb Code    14  usbd_conf.o(i.HAL_PCD_SetupStageCallback)
    HAL_PCD_Start                            0x08001da1   Thumb Code    50  stm32f1xx_hal_pcd.o(i.HAL_PCD_Start)
    HAL_PCD_SuspendCallback                  0x08001dd5   Thumb Code    30  usbd_conf.o(i.HAL_PCD_SuspendCallback)
    HAL_PWR_EnterSTANDBYMode                 0x08001df9   Thumb Code    24  stm32f1xx_hal_pwr.o(i.HAL_PWR_EnterSTANDBYMode)
    HAL_RCCEx_PeriphCLKConfig                0x08001e19   Thumb Code   224  stm32f1xx_hal_rcc_ex.o(i.HAL_RCCEx_PeriphCLKConfig)
    HAL_RCC_ClockConfig                      0x08001f05   Thumb Code   322  stm32f1xx_hal_rcc.o(i.HAL_RCC_ClockConfig)
    HAL_RCC_GetClockConfig                   0x08002059   Thumb Code    54  stm32f1xx_hal_rcc.o(i.HAL_RCC_GetClockConfig)
    HAL_RCC_GetHCLKFreq                      0x08002099   Thumb Code     6  stm32f1xx_hal_rcc.o(i.HAL_RCC_GetHCLKFreq)
    HAL_RCC_GetPCLK1Freq                     0x080020a5   Thumb Code    20  stm32f1xx_hal_rcc.o(i.HAL_RCC_GetPCLK1Freq)
    HAL_RCC_GetPCLK2Freq                     0x080020c5   Thumb Code    20  stm32f1xx_hal_rcc.o(i.HAL_RCC_GetPCLK2Freq)
    HAL_RCC_GetSysClockFreq                  0x080020e5   Thumb Code    74  stm32f1xx_hal_rcc.o(i.HAL_RCC_GetSysClockFreq)
    HAL_RCC_OscConfig                        0x08002151   Thumb Code   750  stm32f1xx_hal_rcc.o(i.HAL_RCC_OscConfig)
    HAL_SPI_Init                             0x08002455   Thumb Code   130  stm32f1xx_hal_spi_ex.o(i.HAL_SPI_Init)
    HAL_SPI_MspDeInit                        0x080024d9   Thumb Code    48  spi.o(i.HAL_SPI_MspDeInit)
    HAL_SPI_MspInit                          0x0800251d   Thumb Code   110  spi.o(i.HAL_SPI_MspInit)
    HAL_SPI_Receive                          0x080025a1   Thumb Code   336  stm32f1xx_hal_spi.o(i.HAL_SPI_Receive)
    HAL_SPI_Transmit                         0x080026f1   Thumb Code   360  stm32f1xx_hal_spi.o(i.HAL_SPI_Transmit)
    HAL_SPI_TransmitReceive                  0x08002859   Thumb Code   472  stm32f1xx_hal_spi.o(i.HAL_SPI_TransmitReceive)
    HAL_SYSTICK_CLKSourceConfig              0x08002a31   Thumb Code    24  stm32f1xx_hal_cortex.o(i.HAL_SYSTICK_CLKSourceConfig)
    HAL_SYSTICK_Callback                     0x08002a49   Thumb Code     2  stm32f1xx_hal_cortex.o(i.HAL_SYSTICK_Callback)
    HAL_SYSTICK_Config                       0x08002a4b   Thumb Code    40  stm32f1xx_hal_cortex.o(i.HAL_SYSTICK_Config)
    HAL_SYSTICK_IRQHandler                   0x08002a73   Thumb Code     8  stm32f1xx_hal_cortex.o(i.HAL_SYSTICK_IRQHandler)
    HAL_TIMEx_BreakCallback                  0x08002a7b   Thumb Code     2  stm32f1xx_hal_tim_ex.o(i.HAL_TIMEx_BreakCallback)
    HAL_TIMEx_CommutationCallback            0x08002a7d   Thumb Code     2  stm32f1xx_hal_tim_ex.o(i.HAL_TIMEx_CommutationCallback)
    HAL_TIMEx_ConfigBreakDeadTime            0x08002a7f   Thumb Code    90  stm32f1xx_hal_tim_ex.o(i.HAL_TIMEx_ConfigBreakDeadTime)
    HAL_TIMEx_MasterConfigSynchronization    0x08002ad9   Thumb Code    80  stm32f1xx_hal_tim_ex.o(i.HAL_TIMEx_MasterConfigSynchronization)
    HAL_TIM_Base_Init                        0x08002b29   Thumb Code    54  stm32f1xx_hal_tim.o(i.HAL_TIM_Base_Init)
    HAL_TIM_Base_MspInit                     0x08002b61   Thumb Code   104  tim.o(i.HAL_TIM_Base_MspInit)
    HAL_TIM_Base_Start_IT                    0x08002bd9   Thumb Code    24  stm32f1xx_hal_tim.o(i.HAL_TIM_Base_Start_IT)
    HAL_TIM_Base_Stop_IT                     0x08002bf1   Thumb Code    42  stm32f1xx_hal_tim.o(i.HAL_TIM_Base_Stop_IT)
    HAL_TIM_ConfigClockSource                0x08002c1b   Thumb Code   242  stm32f1xx_hal_tim.o(i.HAL_TIM_ConfigClockSource)
    HAL_TIM_Encoder_Init                     0x08002d0d   Thumb Code   150  stm32f1xx_hal_tim.o(i.HAL_TIM_Encoder_Init)
    HAL_TIM_Encoder_MspInit                  0x08002da5   Thumb Code    68  tim.o(i.HAL_TIM_Encoder_MspInit)
    HAL_TIM_IC_CaptureCallback               0x08002df1   Thumb Code   448  moto_ctrl.o(i.HAL_TIM_IC_CaptureCallback)
    HAL_TIM_IC_ConfigChannel                 0x08002fb9   Thumb Code   282  stm32f1xx_hal_tim.o(i.HAL_TIM_IC_ConfigChannel)
    HAL_TIM_IC_Init                          0x080030d3   Thumb Code    54  stm32f1xx_hal_tim.o(i.HAL_TIM_IC_Init)
    HAL_TIM_IC_MspInit                       0x08003109   Thumb Code     2  stm32f1xx_hal_tim.o(i.HAL_TIM_IC_MspInit)
    HAL_TIM_IRQHandler                       0x0800310b   Thumb Code   358  stm32f1xx_hal_tim.o(i.HAL_TIM_IRQHandler)
    HAL_TIM_MspPostInit                      0x08003271   Thumb Code    32  tim.o(i.HAL_TIM_MspPostInit)
    HAL_TIM_OC_DelayElapsedCallback          0x08003299   Thumb Code     2  stm32f1xx_hal_tim.o(i.HAL_TIM_OC_DelayElapsedCallback)
    HAL_TIM_PWM_ConfigChannel                0x0800329b   Thumb Code   208  stm32f1xx_hal_tim.o(i.HAL_TIM_PWM_ConfigChannel)
    HAL_TIM_PWM_Init                         0x0800336b   Thumb Code    54  stm32f1xx_hal_tim.o(i.HAL_TIM_PWM_Init)
    HAL_TIM_PWM_MspDeInit                    0x080033a1   Thumb Code    20  tim.o(i.HAL_TIM_PWM_MspDeInit)
    HAL_TIM_PWM_MspInit                      0x080033bd   Thumb Code    30  tim.o(i.HAL_TIM_PWM_MspInit)
    HAL_TIM_PWM_PulseFinishedCallback        0x080033e5   Thumb Code     2  stm32f1xx_hal_tim.o(i.HAL_TIM_PWM_PulseFinishedCallback)
    HAL_TIM_PWM_Start                        0x080033e9   Thumb Code    48  stm32f1xx_hal_tim.o(i.HAL_TIM_PWM_Start)
    HAL_TIM_PWM_Stop                         0x08003421   Thumb Code    84  stm32f1xx_hal_tim.o(i.HAL_TIM_PWM_Stop)
    HAL_TIM_PeriodElapsedCallback            0x0800347d   Thumb Code    50  main.o(i.HAL_TIM_PeriodElapsedCallback)
    HAL_TIM_ReadCapturedValue                0x080034bd   Thumb Code    68  stm32f1xx_hal_tim.o(i.HAL_TIM_ReadCapturedValue)
    HAL_TIM_TriggerCallback                  0x08003501   Thumb Code     2  stm32f1xx_hal_tim.o(i.HAL_TIM_TriggerCallback)
    HAL_UART_DMAStop                         0x08003503   Thumb Code    88  stm32f1xx_hal_uart.o(i.HAL_UART_DMAStop)
    HAL_UART_ErrorCallback                   0x0800355b   Thumb Code     2  stm32f1xx_hal_uart.o(i.HAL_UART_ErrorCallback)
    HAL_UART_GetState                        0x0800355d   Thumb Code    10  stm32f1xx_hal_uart.o(i.HAL_UART_GetState)
    HAL_UART_IRQHandler                      0x08003569   Thumb Code   266  stm32f1xx_hal_uart.o(i.HAL_UART_IRQHandler)
    HAL_UART_Init                            0x08003679   Thumb Code    98  stm32f1xx_hal_uart.o(i.HAL_UART_Init)
    HAL_UART_MspInit                         0x080036dd   Thumb Code   348  usart.o(i.HAL_UART_MspInit)
    HAL_UART_Receive_DMA                     0x08003865   Thumb Code   138  stm32f1xx_hal_uart.o(i.HAL_UART_Receive_DMA)
    HAL_UART_RxCpltCallback                  0x080038fd   Thumb Code   102  esp8266.o(i.HAL_UART_RxCpltCallback)
    HAL_UART_RxHalfCpltCallback              0x08003971   Thumb Code     2  stm32f1xx_hal_uart.o(i.HAL_UART_RxHalfCpltCallback)
    HAL_UART_Transmit                        0x08003973   Thumb Code   186  stm32f1xx_hal_uart.o(i.HAL_UART_Transmit)
    HAL_UART_Transmit_DMA                    0x08003a2d   Thumb Code   114  stm32f1xx_hal_uart.o(i.HAL_UART_Transmit_DMA)
    HAL_UART_TxCpltCallback                  0x08003aad   Thumb Code     2  stm32f1xx_hal_uart.o(i.HAL_UART_TxCpltCallback)
    HAL_UART_TxHalfCpltCallback              0x08003aaf   Thumb Code     2  stm32f1xx_hal_uart.o(i.HAL_UART_TxHalfCpltCallback)
    HardFault_Handler                        0x08003ab1   Thumb Code     2  stm32f1xx_it.o(i.HardFault_Handler)
    Host_ESP8266_UART_INIT                   0x08003ab5   Thumb Code   162  esp8266.o(i.Host_ESP8266_UART_INIT)
    Host_ESP8266_UART_Tranceiver             0x08003b79   Thumb Code   130  esp8266.o(i.Host_ESP8266_UART_Tranceiver)
    IR_Sensor_Init                           0x08003c01   Thumb Code    76  common.o(i.IR_Sensor_Init)
    LEDCtrl                                  0x08003c59   Thumb Code   120  common.o(i.LEDCtrl)
    MPU9250_Data_Process                     0x08003cd5   Thumb Code    82  mpu9250.o(i.MPU9250_Data_Process)
    MPU9250_Data_Read                        0x08003d39   Thumb Code    36  mpu9250.o(i.MPU9250_Data_Read)
    MPU9250_Get_Accel_Gyro_Temp              0x08003d5d   Thumb Code    30  mpu9250.o(i.MPU9250_Get_Accel_Gyro_Temp)
    MPU9250_Init                             0x08003d81   Thumb Code   120  mpu9250.o(i.MPU9250_Init)
    MPU9250_Mem_Read                         0x08003e01   Thumb Code    78  mpu9250.o(i.MPU9250_Mem_Read)
    MPU9250_Mem_Write                        0x08003e59   Thumb Code    54  mpu9250.o(i.MPU9250_Mem_Write)
    MX_ADC1_Init                             0x08003e99   Thumb Code    72  adc.o(i.MX_ADC1_Init)
    MX_DMA_Init                              0x08003ef9   Thumb Code    88  dma.o(i.MX_DMA_Init)
    MX_GPIO_Init                             0x08003f55   Thumb Code   232  gpio.o(i.MX_GPIO_Init)
    MX_I2C1_Init                             0x0800404d   Thumb Code    54  i2c.o(i.MX_I2C1_Init)
    MX_SPI1_Init                             0x080040a1   Thumb Code    68  spi.o(i.MX_SPI1_Init)
    MX_SPI3_Init                             0x080040fd   Thumb Code    68  spi.o(i.MX_SPI3_Init)
    MX_TIM2_Init                             0x08004159   Thumb Code    98  tim.o(i.MX_TIM2_Init)
    MX_TIM3_Init                             0x080041d1   Thumb Code   160  tim.o(i.MX_TIM3_Init)
    MX_TIM6_Init                             0x08004289   Thumb Code    64  tim.o(i.MX_TIM6_Init)
    MX_TIM8_Init                             0x080042e1   Thumb Code   170  tim.o(i.MX_TIM8_Init)
    MX_USART1_UART_Init                      0x080043a5   Thumb Code    52  usart.o(i.MX_USART1_UART_Init)
    MX_USART3_UART_Init                      0x080043f1   Thumb Code    52  usart.o(i.MX_USART3_UART_Init)
    MX_USB_DEVICE_Init                       0x0800443d   Thumb Code    38  usb_device.o(i.MX_USB_DEVICE_Init)
    MemManage_Handler                        0x08004475   Thumb Code     2  stm32f1xx_it.o(i.MemManage_Handler)
    Moto_Balance_PID_Ctrl                    0x08004479   Thumb Code   156  moto_ctrl.o(i.Moto_Balance_PID_Ctrl)
    Motor_Stop                               0x0800452d   Thumb Code    68  moto_ctrl.o(i.Motor_Stop)
    NMI_Handler                              0x08004581   Thumb Code     2  stm32f1xx_it.o(i.NMI_Handler)
    PendSV_Handler                           0x08004905   Thumb Code     2  stm32f1xx_it.o(i.PendSV_Handler)
    ReadUserButton0                          0x08004909   Thumb Code    56  common.o(i.ReadUserButton0)
    ReadUserButton1                          0x08004949   Thumb Code    56  common.o(i.ReadUserButton1)
    SVC_Handler                              0x08004a3f   Thumb Code     2  stm32f1xx_it.o(i.SVC_Handler)
    SetWorkMode                              0x08004a41   Thumb Code   130  common.o(i.SetWorkMode)
    SpeedCaptureTimeOut                      0x08004acd   Thumb Code    18  moto_ctrl.o(i.SpeedCaptureTimeOut)
    Speed_Driection_Calculate                0x08004ae5   Thumb Code    72  moto_ctrl.o(i.Speed_Driection_Calculate)
    SysTick_Handler                          0x08004b31   Thumb Code     4  stm32f1xx_it.o(i.SysTick_Handler)
    SystemClock_Config                       0x08004b35   Thumb Code   126  main.o(i.SystemClock_Config)
    SystemInit                               0x08004bb5   Thumb Code    56  system_stm32f1xx.o(i.SystemInit)
    SystemTimer1msCallback                   0x08004bfd   Thumb Code   122  common.o(i.SystemTimer1msCallback)
    TIM1_UP_IRQHandler                       0x08004c81   Thumb Code     6  stm32f1xx_it.o(i.TIM1_UP_IRQHandler)
    TIM2_IRQHandler                          0x08004c8d   Thumb Code     6  stm32f1xx_it.o(i.TIM2_IRQHandler)
    TIM3_IRQHandler                          0x08004c99   Thumb Code     6  stm32f1xx_it.o(i.TIM3_IRQHandler)
    TIM6_IRQHandler                          0x08004ca5   Thumb Code     6  stm32f1xx_it.o(i.TIM6_IRQHandler)
    TIM_Base_SetConfig                       0x08004cb1   Thumb Code   120  stm32f1xx_hal_tim.o(i.TIM_Base_SetConfig)
    TIM_CCxChannelCmd                        0x08004d3d   Thumb Code    22  stm32f1xx_hal_tim.o(i.TIM_CCxChannelCmd)
    TIM_OC2_SetConfig                        0x08004dd9   Thumb Code    98  stm32f1xx_hal_tim.o(i.TIM_OC2_SetConfig)
    TIM_TI1_SetConfig                        0x08004f21   Thumb Code    88  stm32f1xx_hal_tim.o(i.TIM_TI1_SetConfig)
    USART1_IRQHandler                        0x080053bd   Thumb Code    18  stm32f1xx_it.o(i.USART1_IRQHandler)
    USART3_IRQHandler                        0x080053d5   Thumb Code    18  stm32f1xx_it.o(i.USART3_IRQHandler)
    USBD_CDC_GetDeviceQualifierDescriptor    0x08005491   Thumb Code     8  usbd_cdc.o(i.USBD_CDC_GetDeviceQualifierDescriptor)
    USBD_CDC_ReceivePacket                   0x08005549   Thumb Code    40  usbd_cdc.o(i.USBD_CDC_ReceivePacket)
    USBD_CDC_RegisterInterface               0x08005571   Thumb Code    16  usbd_cdc.o(i.USBD_CDC_RegisterInterface)
    USBD_CDC_SetRxBuffer                     0x08005581   Thumb Code    12  usbd_cdc.o(i.USBD_CDC_SetRxBuffer)
    USBD_CDC_SetTxBuffer                     0x0800558d   Thumb Code    16  usbd_cdc.o(i.USBD_CDC_SetTxBuffer)
    USBD_ClrClassConfig                      0x0800560d   Thumb Code    14  usbd_core.o(i.USBD_ClrClassConfig)
    USBD_CtlContinueRx                       0x0800561b   Thumb Code    16  usbd_ioreq.o(i.USBD_CtlContinueRx)
    USBD_CtlContinueSendData                 0x0800562b   Thumb Code    16  usbd_ioreq.o(i.USBD_CtlContinueSendData)
    USBD_CtlError                            0x0800563b   Thumb Code    22  usbd_ctlreq.o(i.USBD_CtlError)
    USBD_CtlPrepareRx                        0x08005651   Thumb Code    30  usbd_ioreq.o(i.USBD_CtlPrepareRx)
    USBD_CtlReceiveStatus                    0x0800566f   Thumb Code    22  usbd_ioreq.o(i.USBD_CtlReceiveStatus)
    USBD_CtlSendData                         0x08005685   Thumb Code    26  usbd_ioreq.o(i.USBD_CtlSendData)
    USBD_CtlSendStatus                       0x0800569f   Thumb Code    22  usbd_ioreq.o(i.USBD_CtlSendStatus)
    USBD_FS_ConfigStrDescriptor              0x080056b5   Thumb Code    16  usbd_desc.o(i.USBD_FS_ConfigStrDescriptor)
    USBD_FS_DeviceDescriptor                 0x080056d5   Thumb Code     8  usbd_desc.o(i.USBD_FS_DeviceDescriptor)
    USBD_FS_InterfaceStrDescriptor           0x080056e1   Thumb Code    16  usbd_desc.o(i.USBD_FS_InterfaceStrDescriptor)
    USBD_FS_LangIDStrDescriptor              0x08005705   Thumb Code     8  usbd_desc.o(i.USBD_FS_LangIDStrDescriptor)
    USBD_FS_ManufacturerStrDescriptor        0x08005711   Thumb Code    16  usbd_desc.o(i.USBD_FS_ManufacturerStrDescriptor)
    USBD_FS_ProductStrDescriptor             0x08005739   Thumb Code    16  usbd_desc.o(i.USBD_FS_ProductStrDescriptor)
    USBD_FS_SerialStrDescriptor              0x08005765   Thumb Code    16  usbd_desc.o(i.USBD_FS_SerialStrDescriptor)
    USBD_GetString                           0x08005869   Thumb Code    70  usbd_ctlreq.o(i.USBD_GetString)
    USBD_Init                                0x080058af   Thumb Code    42  usbd_core.o(i.USBD_Init)
    USBD_LL_ClearStallEP                     0x080058d9   Thumb Code    32  usbd_conf.o(i.USBD_LL_ClearStallEP)
    USBD_LL_CloseEP                          0x080058f9   Thumb Code    32  usbd_conf.o(i.USBD_LL_CloseEP)
    USBD_LL_DataInStage                      0x08005919   Thumb Code   170  usbd_core.o(i.USBD_LL_DataInStage)
    USBD_LL_DataOutStage                     0x080059c3   Thumb Code   106  usbd_core.o(i.USBD_LL_DataOutStage)
    USBD_LL_GetRxDataSize                    0x08005a2d   Thumb Code     8  usbd_conf.o(i.USBD_LL_GetRxDataSize)
    USBD_LL_Init                             0x08005a35   Thumb Code   130  usbd_conf.o(i.USBD_LL_Init)
    USBD_LL_IsStallEP                        0x08005ad5   Thumb Code    28  usbd_conf.o(i.USBD_LL_IsStallEP)
    USBD_LL_OpenEP                           0x08005af1   Thumb Code    38  usbd_conf.o(i.USBD_LL_OpenEP)
    USBD_LL_PrepareReceive                   0x08005b17   Thumb Code    32  usbd_conf.o(i.USBD_LL_PrepareReceive)
    USBD_LL_Reset                            0x08005b37   Thumb Code    62  usbd_core.o(i.USBD_LL_Reset)
    USBD_LL_Resume                           0x08005b75   Thumb Code    12  usbd_core.o(i.USBD_LL_Resume)
    USBD_LL_SOF                              0x08005b81   Thumb Code    24  usbd_core.o(i.USBD_LL_SOF)
    USBD_LL_SetSpeed                         0x08005b99   Thumb Code     6  usbd_core.o(i.USBD_LL_SetSpeed)
    USBD_LL_SetUSBAddress                    0x08005b9f   Thumb Code    32  usbd_conf.o(i.USBD_LL_SetUSBAddress)
    USBD_LL_SetupStage                       0x08005bbf   Thumb Code    90  usbd_core.o(i.USBD_LL_SetupStage)
    USBD_LL_StallEP                          0x08005c19   Thumb Code    32  usbd_conf.o(i.USBD_LL_StallEP)
    USBD_LL_Start                            0x08005c39   Thumb Code    32  usbd_conf.o(i.USBD_LL_Start)
    USBD_LL_Suspend                          0x08005c59   Thumb Code    18  usbd_core.o(i.USBD_LL_Suspend)
    USBD_LL_Transmit                         0x08005c6b   Thumb Code    32  usbd_conf.o(i.USBD_LL_Transmit)
    USBD_ParseSetupRequest                   0x08005c8b   Thumb Code    40  usbd_ctlreq.o(i.USBD_ParseSetupRequest)
    USBD_RegisterClass                       0x08005cb3   Thumb Code    16  usbd_core.o(i.USBD_RegisterClass)
    USBD_SetClassConfig                      0x08005cc3   Thumb Code    22  usbd_core.o(i.USBD_SetClassConfig)
    USBD_Start                               0x08005d4d   Thumb Code    10  usbd_core.o(i.USBD_Start)
    USBD_StdDevReq                           0x08005d57   Thumb Code   242  usbd_ctlreq.o(i.USBD_StdDevReq)
    USBD_StdEPReq                            0x08005e49   Thumb Code   220  usbd_ctlreq.o(i.USBD_StdEPReq)
    USBD_StdItfReq                           0x08005f25   Thumb Code    52  usbd_ctlreq.o(i.USBD_StdItfReq)
    USBD_static_free                         0x08005f59   Thumb Code     2  usbd_conf.o(i.USBD_static_free)
    USBD_static_malloc                       0x08005f5d   Thumb Code     4  usbd_conf.o(i.USBD_static_malloc)
    USB_ActivateEndpoint                     0x08005f65   Thumb Code   604  stm32f1xx_ll_usb.o(i.USB_ActivateEndpoint)
    USB_CoreInit                             0x080061c1   Thumb Code     4  stm32f1xx_ll_usb.o(i.USB_CoreInit)
    USB_DeactivateEndpoint                   0x080061c5   Thumb Code   292  stm32f1xx_ll_usb.o(i.USB_DeactivateEndpoint)
    USB_DevConnect                           0x080062e9   Thumb Code     4  stm32f1xx_ll_usb.o(i.USB_DevConnect)
    USB_DevDisconnect                        0x080062ed   Thumb Code     4  stm32f1xx_ll_usb.o(i.USB_DevDisconnect)
    USB_DevInit                              0x080062f1   Thumb Code    30  stm32f1xx_ll_usb.o(i.USB_DevInit)
    USB_DisableGlobalInt                     0x0800630f   Thumb Code    14  stm32f1xx_ll_usb.o(i.USB_DisableGlobalInt)
    USB_EP0_OutStart                         0x0800631d   Thumb Code     4  stm32f1xx_ll_usb.o(i.USB_EP0_OutStart)
    USB_EPClearStall                         0x08006321   Thumb Code   106  stm32f1xx_ll_usb.o(i.USB_EPClearStall)
    USB_EPSetStall                           0x0800638b   Thumb Code    74  stm32f1xx_ll_usb.o(i.USB_EPSetStall)
    USB_EPStartXfer                          0x080063d5   Thumb Code   426  stm32f1xx_ll_usb.o(i.USB_EPStartXfer)
    USB_EnableGlobalInt                      0x0800657f   Thumb Code    14  stm32f1xx_ll_usb.o(i.USB_EnableGlobalInt)
    USB_LP_CAN1_RX0_IRQHandler               0x0800658d   Thumb Code     6  stm32f1xx_it.o(i.USB_LP_CAN1_RX0_IRQHandler)
    USB_ReadInterrupts                       0x08006599   Thumb Code     6  stm32f1xx_ll_usb.o(i.USB_ReadInterrupts)
    USB_ReadPMA                              0x080065a1   Thumb Code    30  stm32f1xx_ll_usb.o(i.USB_ReadPMA)
    USB_SetCurrentMode                       0x080065bf   Thumb Code     4  stm32f1xx_ll_usb.o(i.USB_SetCurrentMode)
    USB_SetDevAddress                        0x080065c3   Thumb Code    12  stm32f1xx_ll_usb.o(i.USB_SetDevAddress)
    USB_WritePMA                             0x080065cf   Thumb Code    38  stm32f1xx_ll_usb.o(i.USB_WritePMA)
    Uart_OSC_Output_Data                     0x080065f5   Thumb Code   100  uart_osc.o(i.Uart_OSC_Output_Data)
    Uart_OSC_ShowWave                        0x08006661   Thumb Code    18  uart_osc.o(i.Uart_OSC_ShowWave)
    Uart_RxIDLE_Handler                      0x08006679   Thumb Code   146  esp8266.o(i.Uart_RxIDLE_Handler)
    UsageFault_Handler                       0x08006719   Thumb Code     2  stm32f1xx_it.o(i.UsageFault_Handler)
    UserTask                                 0x0800671d   Thumb Code   122  common.o(i.UserTask)
    _Error_Handler                           0x080067ad   Thumb Code     2  main.o(i._Error_Handler)
    __ARM_fpclassify                         0x080067af   Thumb Code    40  fpclassify.o(i.__ARM_fpclassify)
    __kernel_poly                            0x080067d7   Thumb Code   170  poly.o(i.__kernel_poly)
    __mathlib_dbl_infnan                     0x08006881   Thumb Code     6  dunder.o(i.__mathlib_dbl_infnan)
    __mathlib_dbl_infnan2                    0x08006887   Thumb Code     4  dunder.o(i.__mathlib_dbl_infnan2)
    __mathlib_dbl_underflow                  0x0800688d   Thumb Code    10  dunder.o(i.__mathlib_dbl_underflow)
    __scatterload_copy                       0x0800689d   Thumb Code    14  handlers.o(i.__scatterload_copy)
    __scatterload_null                       0x080068ab   Thumb Code     2  handlers.o(i.__scatterload_null)
    __scatterload_zeroinit                   0x080068ad   Thumb Code    14  handlers.o(i.__scatterload_zeroinit)
    atan                                     0x080068bd   Thumb Code   474  atan.o(i.atan)
    atan2                                    0x08006add   Thumb Code   346  atan2.o(i.atan2)
    dot_matrix_init                          0x08006c5d   Thumb Code   112  dot_matrix.o(i.dot_matrix_init)
    left_backward                            0x08006cd9   Thumb Code    50  moto_ctrl.o(i.left_backward)
    left_forward                             0x08006d1d   Thumb Code    48  moto_ctrl.o(i.left_forward)
    main                                     0x08006d5d   Thumb Code    82  main.o(i.main)
    right_backward                           0x08006db5   Thumb Code    48  moto_ctrl.o(i.right_backward)
    right_forward                            0x08006df5   Thumb Code    50  moto_ctrl.o(i.right_forward)
    show_dot_matrix                          0x08006e39   Thumb Code   168  dot_matrix.o(i.show_dot_matrix)
    AHBPrescTable                            0x08006eec   Data          16  system_stm32f1xx.o(.constdata)
    APBPrescTable                            0x08006efc   Data           8  system_stm32f1xx.o(.constdata)
    __mathlib_zero                           0x08006fa0   Data           8  qnan.o(.constdata)
    Region$$Table$$Base                      0x08006fa8   Number         0  anon$$obj.o(Region$$Table)
    Region$$Table$$Limit                     0x08006fc8   Number         0  anon$$obj.o(Region$$Table)
    uwTickFreq                               0x20000000   Data           1  stm32f1xx_hal.o(.data)
    uwTickPrio                               0x20000004   Data           4  stm32f1xx_hal.o(.data)
    uwTick                                   0x20000008   Data           4  stm32f1xx_hal.o(.data)
    SystemCoreClock                          0x2000000c   Data           4  system_stm32f1xx.o(.data)
    g_MPU9250_spi                            0x20000010   Data           4  mpu9250.o(.data)
    g_Uart_OSC_Data                          0x20000014   Data           8  uart_osc.o(.data)
    g_SysMode                                0x20000020   Data           4  common.o(.data)
    FS_Desc                                  0x20000030   Data          28  usbd_desc.o(.data)
    USBD_LangIDDesc                          0x2000004c   Data           4  usbd_desc.o(.data)
    USBD_FS_DeviceDesc                       0x20000050   Data          18  usbd_desc.o(.data)
    USBD_Interface_fops_FS                   0x20000064   Data          16  usbd_cdc_if.o(.data)
    g_dot_start                              0x20000074   Data           1  dot_matrix.o(.data)
    g_dot_cnt                                0x20000076   Data           2  dot_matrix.o(.data)
    g_ShowData                               0x20000078   Data          51  dot_matrix.o(.data)
    USBD_CDC_CfgHSDesc                       0x200000bc   Data          67  usbd_cdc.o(.data)
    USBD_CDC_CfgFSDesc                       0x20000100   Data          67  usbd_cdc.o(.data)
    USBD_CDC_OtherSpeedCfgDesc               0x20000144   Data          67  usbd_cdc.o(.data)
    USBD_CDC                                 0x20000188   Data          56  usbd_cdc.o(.data)
    g_esp8266                                0x200001c0   Data        2196  esp8266.o(.bss)
    g_mpu9250                                0x20000a54   Data          80  mpu9250.o(.bss)
    g_moto_ctrl                              0x20000ac4   Data          60  moto_ctrl.o(.bss)
    hadc1                                    0x20000b00   Data          48  adc.o(.bss)
    hi2c1                                    0x20000b30   Data          84  i2c.o(.bss)
    hspi1                                    0x20000b84   Data          88  spi.o(.bss)
    hspi3                                    0x20000bdc   Data          88  spi.o(.bss)
    htim2                                    0x20000c34   Data          64  tim.o(.bss)
    htim3                                    0x20000c74   Data          64  tim.o(.bss)
    htim6                                    0x20000cb4   Data          64  tim.o(.bss)
    htim8                                    0x20000cf4   Data          64  tim.o(.bss)
    huart1                                   0x20000d34   Data          64  usart.o(.bss)
    huart3                                   0x20000d74   Data          64  usart.o(.bss)
    hdma_usart1_rx                           0x20000db4   Data          68  usart.o(.bss)
    hdma_usart1_tx                           0x20000df8   Data          68  usart.o(.bss)
    hdma_usart3_rx                           0x20000e3c   Data          68  usart.o(.bss)
    hdma_usart3_tx                           0x20000e80   Data          68  usart.o(.bss)
    hUsbDeviceFS                             0x20000ec4   Data         548  usb_device.o(.bss)
    hpcd_USB_FS                              0x20001308   Data        1120  usbd_conf.o(.bss)
    USBD_StrDesc                             0x20001768   Data         512  usbd_desc.o(.bss)
    UserRxBufferFS                           0x20001968   Data        1000  usbd_cdc_if.o(.bss)
    UserTxBufferFS                           0x20001d50   Data        1000  usbd_cdc_if.o(.bss)
    htim1                                    0x20002138   Data          64  stm32f1xx_hal_timebase_tim.o(.bss)
    __initial_sp                             0x20003178   Data           0  startup_stm32f103xe.o(STACK)



==============================================================================

Memory Map of the image

  Image Entry point : 0x08000131

  Load Region LR_IROM1 (Base: 0x08000000, Size: 0x00007188, Max: 0x00040000, ABSOLUTE, COMPRESSED[0x000070a4])

    Execution Region ER_IROM1 (Exec base: 0x08000000, Load base: 0x08000000, Size: 0x00006fc8, Max: 0x00040000, ABSOLUTE)

    Exec Addr    Load Addr    Size         Type   Attr      Idx    E Section Name        Object

    0x08000000   0x08000000   0x00000130   Data   RO            3    RESET               startup_stm32f103xe.o
    0x08000130   0x08000130   0x00000000   Code   RO         5769  * .ARM.Collect$$$$00000000  mc_w.l(entry.o)
    0x08000130   0x08000130   0x00000004   Code   RO         5827    .ARM.Collect$$$$00000001  mc_w.l(entry2.o)
    0x08000134   0x08000134   0x00000004   Code   RO         5830    .ARM.Collect$$$$00000004  mc_w.l(entry5.o)
    0x08000138   0x08000138   0x00000000   Code   RO         5832    .ARM.Collect$$$$00000008  mc_w.l(entry7b.o)
    0x08000138   0x08000138   0x00000000   Code   RO         5834    .ARM.Collect$$$$0000000A  mc_w.l(entry8b.o)
    0x08000138   0x08000138   0x00000008   Code   RO         5835    .ARM.Collect$$$$0000000B  mc_w.l(entry9a.o)
    0x08000140   0x08000140   0x00000000   Code   RO         5837    .ARM.Collect$$$$0000000D  mc_w.l(entry10a.o)
    0x08000140   0x08000140   0x00000000   Code   RO         5839    .ARM.Collect$$$$0000000F  mc_w.l(entry11a.o)
    0x08000140   0x08000140   0x00000004   Code   RO         5828    .ARM.Collect$$$$00002712  mc_w.l(entry2.o)
    0x08000144   0x08000144   0x00000024   Code   RO            4    .text               startup_stm32f103xe.o
    0x08000168   0x08000168   0x00000020   Code   RO         5772    .text               mc_w.l(llushr.o)
    0x08000188   0x08000188   0x00000024   Code   RO         5774    .text               mc_w.l(memcpya.o)
    0x080001ac   0x080001ac   0x00000024   Code   RO         5776    .text               mc_w.l(memseta.o)
    0x080001d0   0x080001d0   0x000000b0   Code   RO         5780    .text               mf_w.l(fadd.o)
    0x08000280   0x08000280   0x00000064   Code   RO         5782    .text               mf_w.l(fmul.o)
    0x080002e4   0x080002e4   0x0000007c   Code   RO         5784    .text               mf_w.l(fdiv.o)
    0x08000360   0x08000360   0x0000014e   Code   RO         5786    .text               mf_w.l(dadd.o)
    0x080004ae   0x080004ae   0x000000e4   Code   RO         5788    .text               mf_w.l(dmul.o)
    0x08000592   0x08000592   0x000000de   Code   RO         5790    .text               mf_w.l(ddiv.o)
    0x08000670   0x08000670   0x00000012   Code   RO         5792    .text               mf_w.l(fflti.o)
    0x08000682   0x08000682   0x00000022   Code   RO         5794    .text               mf_w.l(dflti.o)
    0x080006a4   0x080006a4   0x00000032   Code   RO         5796    .text               mf_w.l(ffixi.o)
    0x080006d6   0x080006d6   0x00000026   Code   RO         5798    .text               mf_w.l(f2d.o)
    0x080006fc   0x080006fc   0x00000038   Code   RO         5800    .text               mf_w.l(d2f.o)
    0x08000734   0x08000734   0x0000001e   Code   RO         5841    .text               mc_w.l(llshl.o)
    0x08000752   0x08000752   0x00000024   Code   RO         5843    .text               mc_w.l(llsshr.o)
    0x08000776   0x08000776   0x00000000   Code   RO         5852    .text               mc_w.l(iusefp.o)
    0x08000776   0x08000776   0x0000006e   Code   RO         5853    .text               mf_w.l(fepilogue.o)
    0x080007e4   0x080007e4   0x000000ba   Code   RO         5855    .text               mf_w.l(depilogue.o)
    0x0800089e   0x0800089e   0x00000002   PAD
    0x080008a0   0x080008a0   0x00000024   Code   RO         5861    .text               mc_w.l(init.o)
    0x080008c4   0x080008c4   0x0000002e   Code   RO         5863    .text               mf_w.l(dscalb.o)
    0x080008f2   0x080008f2   0x00000056   Code   RO         5873    .text               mc_w.l(__dczerorl2.o)
    0x08000948   0x08000948   0x0000004c   Code   RO          589    i.ADC_ConversionStop_Disable  stm32f1xx_hal_adc.o
    0x08000994   0x08000994   0x00000002   Code   RO         5148    i.BusFault_Handler  stm32f1xx_it.o
    0x08000996   0x08000996   0x00000004   Code   RO         5096    i.CDC_Control_FS    usbd_cdc_if.o
    0x0800099a   0x0800099a   0x00000004   Code   RO         5097    i.CDC_DeInit_FS     usbd_cdc_if.o
    0x0800099e   0x0800099e   0x00000002   PAD
    0x080009a0   0x080009a0   0x00000024   Code   RO         5098    i.CDC_Init_FS       usbd_cdc_if.o
    0x080009c4   0x080009c4   0x00000018   Code   RO         5099    i.CDC_Receive_FS    usbd_cdc_if.o
    0x080009dc   0x080009dc   0x00000034   Code   RO         3959    i.CRC_CHECK         uart_osc.o
    0x08000a10   0x08000a10   0x00000068   Code   RO         4111    i.Complementary_Filter_1st_Order  data_process.o
    0x08000a78   0x08000a78   0x0000000c   Code   RO         5149    i.DMA1_Channel2_IRQHandler  stm32f1xx_it.o
    0x08000a84   0x08000a84   0x0000000c   Code   RO         5150    i.DMA1_Channel3_IRQHandler  stm32f1xx_it.o
    0x08000a90   0x08000a90   0x0000000c   Code   RO         5151    i.DMA1_Channel4_IRQHandler  stm32f1xx_it.o
    0x08000a9c   0x08000a9c   0x0000000c   Code   RO         5152    i.DMA1_Channel5_IRQHandler  stm32f1xx_it.o
    0x08000aa8   0x08000aa8   0x0000002a   Code   RO         3163    i.DMA_SetConfig     stm32f1xx_hal_dma.o
    0x08000ad2   0x08000ad2   0x00000002   Code   RO         5153    i.DebugMon_Handler  stm32f1xx_it.o
    0x08000ad4   0x08000ad4   0x00000084   Code   RO         3726    i.ESP8266ModeCheck  esp8266.o
    0x08000b58   0x08000b58   0x00000074   Code   RO         3727    i.ESP8266ModeCtrl   esp8266.o
    0x08000bcc   0x08000bcc   0x00000028   Code   RO         4002    i.Get_IR_Sensor     common.o
    0x08000bf4   0x08000bf4   0x000000fc   Code   RO          595    i.HAL_ADC_ConfigChannel  stm32f1xx_hal_adc.o
    0x08000cf0   0x08000cf0   0x00000120   Code   RO          604    i.HAL_ADC_Init      stm32f1xx_hal_adc.o
    0x08000e10   0x08000e10   0x00000040   Code   RO         4468    i.HAL_ADC_MspInit   adc.o
    0x08000e50   0x08000e50   0x00000030   Code   RO         3164    i.HAL_DMA_Abort     stm32f1xx_hal_dma.o
    0x08000e80   0x08000e80   0x00000130   Code   RO         3165    i.HAL_DMA_Abort_IT  stm32f1xx_hal_dma.o
    0x08000fb0   0x08000fb0   0x00000248   Code   RO         3169    i.HAL_DMA_IRQHandler  stm32f1xx_hal_dma.o
    0x080011f8   0x080011f8   0x00000084   Code   RO         3170    i.HAL_DMA_Init      stm32f1xx_hal_dma.o
    0x0800127c   0x0800127c   0x00000070   Code   RO         3174    i.HAL_DMA_Start_IT  stm32f1xx_hal_dma.o
    0x080012ec   0x080012ec   0x00000024   Code   RO         2807    i.HAL_Delay         stm32f1xx_hal.o
    0x08001310   0x08001310   0x00000100   Code   RO         3097    i.HAL_GPIO_DeInit   stm32f1xx_hal_gpio.o
    0x08001410   0x08001410   0x000001e8   Code   RO         3100    i.HAL_GPIO_Init     stm32f1xx_hal_gpio.o
    0x080015f8   0x080015f8   0x0000000a   Code   RO         3102    i.HAL_GPIO_ReadPin  stm32f1xx_hal_gpio.o
    0x08001602   0x08001602   0x00000008   Code   RO         3103    i.HAL_GPIO_TogglePin  stm32f1xx_hal_gpio.o
    0x0800160a   0x0800160a   0x0000000a   Code   RO         3104    i.HAL_GPIO_WritePin  stm32f1xx_hal_gpio.o
    0x08001614   0x08001614   0x0000000c   Code   RO         2811    i.HAL_GetTick       stm32f1xx_hal.o
    0x08001620   0x08001620   0x00000140   Code   RO          876    i.HAL_I2C_Init      stm32f1xx_hal_i2c.o
    0x08001760   0x08001760   0x00000044   Code   RO         4537    i.HAL_I2C_MspInit   i2c.o
    0x080017a4   0x080017a4   0x00000010   Code   RO         2815    i.HAL_IncTick       stm32f1xx_hal.o
    0x080017b4   0x080017b4   0x00000024   Code   RO         2816    i.HAL_Init          stm32f1xx_hal.o
    0x080017d8   0x080017d8   0x00000074   Code   RO         5314    i.HAL_InitTick      stm32f1xx_hal_timebase_tim.o
    0x0800184c   0x0800184c   0x00000090   Code   RO         5290    i.HAL_MspInit       stm32f1xx_hal_msp.o
    0x080018dc   0x080018dc   0x00000016   Code   RO         3260    i.HAL_NVIC_EnableIRQ  stm32f1xx_hal_cortex.o
    0x080018f2   0x080018f2   0x00000002   PAD
    0x080018f4   0x080018f4   0x00000040   Code   RO         3266    i.HAL_NVIC_SetPriority  stm32f1xx_hal_cortex.o
    0x08001934   0x08001934   0x00000024   Code   RO         3267    i.HAL_NVIC_SetPriorityGrouping  stm32f1xx_hal_cortex.o
    0x08001958   0x08001958   0x00000034   Code   RO          367    i.HAL_PCDEx_PMAConfig  stm32f1xx_hal_pcd_ex.o
    0x0800198c   0x0800198c   0x00000002   Code   RO         4821    i.HAL_PCDEx_SetConnectionState  usbd_conf.o
    0x0800198e   0x0800198e   0x0000000e   Code   RO         4823    i.HAL_PCD_DataInStageCallback  usbd_conf.o
    0x0800199c   0x0800199c   0x00000010   Code   RO         4824    i.HAL_PCD_DataOutStageCallback  usbd_conf.o
    0x080019ac   0x080019ac   0x00000040   Code   RO          161    i.HAL_PCD_EP_Close  stm32f1xx_hal_pcd.o
    0x080019ec   0x080019ec   0x00000048   Code   RO          162    i.HAL_PCD_EP_ClrStall  stm32f1xx_hal_pcd.o
    0x08001a34   0x08001a34   0x00000010   Code   RO          164    i.HAL_PCD_EP_GetRxCount  stm32f1xx_hal_pcd.o
    0x08001a44   0x08001a44   0x00000044   Code   RO          165    i.HAL_PCD_EP_Open   stm32f1xx_hal_pcd.o
    0x08001a88   0x08001a88   0x0000002e   Code   RO          166    i.HAL_PCD_EP_Receive  stm32f1xx_hal_pcd.o
    0x08001ab6   0x08001ab6   0x00000056   Code   RO          167    i.HAL_PCD_EP_SetStall  stm32f1xx_hal_pcd.o
    0x08001b0c   0x08001b0c   0x0000002a   Code   RO          168    i.HAL_PCD_EP_Transmit  stm32f1xx_hal_pcd.o
    0x08001b36   0x08001b36   0x0000010c   Code   RO          170    i.HAL_PCD_IRQHandler  stm32f1xx_hal_pcd.o
    0x08001c42   0x08001c42   0x00000002   PAD
    0x08001c44   0x08001c44   0x000000c0   Code   RO          173    i.HAL_PCD_Init      stm32f1xx_hal_pcd.o
    0x08001d04   0x08001d04   0x0000003c   Code   RO         4829    i.HAL_PCD_MspInit   usbd_conf.o
    0x08001d40   0x08001d40   0x0000001a   Code   RO         4830    i.HAL_PCD_ResetCallback  usbd_conf.o
    0x08001d5a   0x08001d5a   0x00000008   Code   RO         4831    i.HAL_PCD_ResumeCallback  usbd_conf.o
    0x08001d62   0x08001d62   0x00000008   Code   RO         4832    i.HAL_PCD_SOFCallback  usbd_conf.o
    0x08001d6a   0x08001d6a   0x00000028   Code   RO          179    i.HAL_PCD_SetAddress  stm32f1xx_hal_pcd.o
    0x08001d92   0x08001d92   0x0000000e   Code   RO         4833    i.HAL_PCD_SetupStageCallback  usbd_conf.o
    0x08001da0   0x08001da0   0x00000032   Code   RO          181    i.HAL_PCD_Start     stm32f1xx_hal_pcd.o
    0x08001dd2   0x08001dd2   0x00000002   PAD
    0x08001dd4   0x08001dd4   0x00000024   Code   RO         4834    i.HAL_PCD_SuspendCallback  usbd_conf.o
    0x08001df8   0x08001df8   0x00000020   Code   RO         3388    i.HAL_PWR_EnterSTANDBYMode  stm32f1xx_hal_pwr.o
    0x08001e18   0x08001e18   0x000000ec   Code   RO         3063    i.HAL_RCCEx_PeriphCLKConfig  stm32f1xx_hal_rcc_ex.o
    0x08001f04   0x08001f04   0x00000154   Code   RO         2960    i.HAL_RCC_ClockConfig  stm32f1xx_hal_rcc.o
    0x08002058   0x08002058   0x00000040   Code   RO         2964    i.HAL_RCC_GetClockConfig  stm32f1xx_hal_rcc.o
    0x08002098   0x08002098   0x0000000c   Code   RO         2965    i.HAL_RCC_GetHCLKFreq  stm32f1xx_hal_rcc.o
    0x080020a4   0x080020a4   0x00000020   Code   RO         2967    i.HAL_RCC_GetPCLK1Freq  stm32f1xx_hal_rcc.o
    0x080020c4   0x080020c4   0x00000020   Code   RO         2968    i.HAL_RCC_GetPCLK2Freq  stm32f1xx_hal_rcc.o
    0x080020e4   0x080020e4   0x0000006c   Code   RO         2969    i.HAL_RCC_GetSysClockFreq  stm32f1xx_hal_rcc.o
    0x08002150   0x08002150   0x00000304   Code   RO         2972    i.HAL_RCC_OscConfig  stm32f1xx_hal_rcc.o
    0x08002454   0x08002454   0x00000082   Code   RO         1586    i.HAL_SPI_Init      stm32f1xx_hal_spi_ex.o
    0x080024d6   0x080024d6   0x00000002   PAD
    0x080024d8   0x080024d8   0x00000044   Code   RO         4578    i.HAL_SPI_MspDeInit  spi.o
    0x0800251c   0x0800251c   0x00000084   Code   RO         4579    i.HAL_SPI_MspInit   spi.o
    0x080025a0   0x080025a0   0x00000150   Code   RO         1277    i.HAL_SPI_Receive   stm32f1xx_hal_spi.o
    0x080026f0   0x080026f0   0x00000168   Code   RO         1282    i.HAL_SPI_Transmit  stm32f1xx_hal_spi.o
    0x08002858   0x08002858   0x000001d8   Code   RO         1283    i.HAL_SPI_TransmitReceive  stm32f1xx_hal_spi.o
    0x08002a30   0x08002a30   0x00000018   Code   RO         3269    i.HAL_SYSTICK_CLKSourceConfig  stm32f1xx_hal_cortex.o
    0x08002a48   0x08002a48   0x00000002   Code   RO         3270    i.HAL_SYSTICK_Callback  stm32f1xx_hal_cortex.o
    0x08002a4a   0x08002a4a   0x00000028   Code   RO         3271    i.HAL_SYSTICK_Config  stm32f1xx_hal_cortex.o
    0x08002a72   0x08002a72   0x00000008   Code   RO         3272    i.HAL_SYSTICK_IRQHandler  stm32f1xx_hal_cortex.o
    0x08002a7a   0x08002a7a   0x00000002   Code   RO         2241    i.HAL_TIMEx_BreakCallback  stm32f1xx_hal_tim_ex.o
    0x08002a7c   0x08002a7c   0x00000002   Code   RO         2242    i.HAL_TIMEx_CommutationCallback  stm32f1xx_hal_tim_ex.o
    0x08002a7e   0x08002a7e   0x0000005a   Code   RO         2243    i.HAL_TIMEx_ConfigBreakDeadTime  stm32f1xx_hal_tim_ex.o
    0x08002ad8   0x08002ad8   0x00000050   Code   RO         2258    i.HAL_TIMEx_MasterConfigSynchronization  stm32f1xx_hal_tim_ex.o
    0x08002b28   0x08002b28   0x00000036   Code   RO         1612    i.HAL_TIM_Base_Init  stm32f1xx_hal_tim.o
    0x08002b5e   0x08002b5e   0x00000002   PAD
    0x08002b60   0x08002b60   0x00000078   Code   RO         4627    i.HAL_TIM_Base_MspInit  tim.o
    0x08002bd8   0x08002bd8   0x00000018   Code   RO         1617    i.HAL_TIM_Base_Start_IT  stm32f1xx_hal_tim.o
    0x08002bf0   0x08002bf0   0x0000002a   Code   RO         1620    i.HAL_TIM_Base_Stop_IT  stm32f1xx_hal_tim.o
    0x08002c1a   0x08002c1a   0x000000f2   Code   RO         1621    i.HAL_TIM_ConfigClockSource  stm32f1xx_hal_tim.o
    0x08002d0c   0x08002d0c   0x00000096   Code   RO         1630    i.HAL_TIM_Encoder_Init  stm32f1xx_hal_tim.o
    0x08002da2   0x08002da2   0x00000002   PAD
    0x08002da4   0x08002da4   0x0000004c   Code   RO         4629    i.HAL_TIM_Encoder_MspInit  tim.o
    0x08002df0   0x08002df0   0x000001c8   Code   RO         4158    i.HAL_TIM_IC_CaptureCallback  moto_ctrl.o
    0x08002fb8   0x08002fb8   0x0000011a   Code   RO         1642    i.HAL_TIM_IC_ConfigChannel  stm32f1xx_hal_tim.o
    0x080030d2   0x080030d2   0x00000036   Code   RO         1645    i.HAL_TIM_IC_Init   stm32f1xx_hal_tim.o
    0x08003108   0x08003108   0x00000002   Code   RO         1647    i.HAL_TIM_IC_MspInit  stm32f1xx_hal_tim.o
    0x0800310a   0x0800310a   0x00000166   Code   RO         1654    i.HAL_TIM_IRQHandler  stm32f1xx_hal_tim.o
    0x08003270   0x08003270   0x00000028   Code   RO         4630    i.HAL_TIM_MspPostInit  tim.o
    0x08003298   0x08003298   0x00000002   Code   RO         1657    i.HAL_TIM_OC_DelayElapsedCallback  stm32f1xx_hal_tim.o
    0x0800329a   0x0800329a   0x000000d0   Code   RO         1678    i.HAL_TIM_PWM_ConfigChannel  stm32f1xx_hal_tim.o
    0x0800336a   0x0800336a   0x00000036   Code   RO         1681    i.HAL_TIM_PWM_Init  stm32f1xx_hal_tim.o
    0x080033a0   0x080033a0   0x0000001c   Code   RO         4631    i.HAL_TIM_PWM_MspDeInit  tim.o
    0x080033bc   0x080033bc   0x00000028   Code   RO         4632    i.HAL_TIM_PWM_MspInit  tim.o
    0x080033e4   0x080033e4   0x00000002   Code   RO         1684    i.HAL_TIM_PWM_PulseFinishedCallback  stm32f1xx_hal_tim.o
    0x080033e6   0x080033e6   0x00000002   PAD
    0x080033e8   0x080033e8   0x00000038   Code   RO         1685    i.HAL_TIM_PWM_Start  stm32f1xx_hal_tim.o
    0x08003420   0x08003420   0x0000005c   Code   RO         1688    i.HAL_TIM_PWM_Stop  stm32f1xx_hal_tim.o
    0x0800347c   0x0800347c   0x00000040   Code   RO         4364    i.HAL_TIM_PeriodElapsedCallback  main.o
    0x080034bc   0x080034bc   0x00000044   Code   RO         1692    i.HAL_TIM_ReadCapturedValue  stm32f1xx_hal_tim.o
    0x08003500   0x08003500   0x00000002   Code   RO         1695    i.HAL_TIM_TriggerCallback  stm32f1xx_hal_tim.o
    0x08003502   0x08003502   0x00000058   Code   RO         2493    i.HAL_UART_DMAStop  stm32f1xx_hal_uart.o
    0x0800355a   0x0800355a   0x00000002   Code   RO         2495    i.HAL_UART_ErrorCallback  stm32f1xx_hal_uart.o
    0x0800355c   0x0800355c   0x0000000a   Code   RO         2497    i.HAL_UART_GetState  stm32f1xx_hal_uart.o
    0x08003566   0x08003566   0x00000002   PAD
    0x08003568   0x08003568   0x00000110   Code   RO         2498    i.HAL_UART_IRQHandler  stm32f1xx_hal_uart.o
    0x08003678   0x08003678   0x00000062   Code   RO         2499    i.HAL_UART_Init     stm32f1xx_hal_uart.o
    0x080036da   0x080036da   0x00000002   PAD
    0x080036dc   0x080036dc   0x00000188   Code   RO         4717    i.HAL_UART_MspInit  usart.o
    0x08003864   0x08003864   0x00000098   Code   RO         2503    i.HAL_UART_Receive_DMA  stm32f1xx_hal_uart.o
    0x080038fc   0x080038fc   0x00000074   Code   RO         3728    i.HAL_UART_RxCpltCallback  esp8266.o
    0x08003970   0x08003970   0x00000002   Code   RO         2506    i.HAL_UART_RxHalfCpltCallback  stm32f1xx_hal_uart.o
    0x08003972   0x08003972   0x000000ba   Code   RO         2507    i.HAL_UART_Transmit  stm32f1xx_hal_uart.o
    0x08003a2c   0x08003a2c   0x00000080   Code   RO         2508    i.HAL_UART_Transmit_DMA  stm32f1xx_hal_uart.o
    0x08003aac   0x08003aac   0x00000002   Code   RO         2510    i.HAL_UART_TxCpltCallback  stm32f1xx_hal_uart.o
    0x08003aae   0x08003aae   0x00000002   Code   RO         2511    i.HAL_UART_TxHalfCpltCallback  stm32f1xx_hal_uart.o
    0x08003ab0   0x08003ab0   0x00000002   Code   RO         5154    i.HardFault_Handler  stm32f1xx_it.o
    0x08003ab2   0x08003ab2   0x00000002   PAD
    0x08003ab4   0x08003ab4   0x000000c4   Code   RO         3729    i.Host_ESP8266_UART_INIT  esp8266.o
    0x08003b78   0x08003b78   0x00000088   Code   RO         3730    i.Host_ESP8266_UART_Tranceiver  esp8266.o
    0x08003c00   0x08003c00   0x00000058   Code   RO         4003    i.IR_Sensor_Init    common.o
    0x08003c58   0x08003c58   0x0000007c   Code   RO         4004    i.LEDCtrl           common.o
    0x08003cd4   0x08003cd4   0x00000064   Code   RO         3885    i.MPU9250_Data_Process  mpu9250.o
    0x08003d38   0x08003d38   0x00000024   Code   RO         3886    i.MPU9250_Data_Read  mpu9250.o
    0x08003d5c   0x08003d5c   0x00000024   Code   RO         3887    i.MPU9250_Get_Accel_Gyro_Temp  mpu9250.o
    0x08003d80   0x08003d80   0x00000080   Code   RO         3889    i.MPU9250_Init      mpu9250.o
    0x08003e00   0x08003e00   0x00000058   Code   RO         3890    i.MPU9250_Mem_Read  mpu9250.o
    0x08003e58   0x08003e58   0x00000040   Code   RO         3891    i.MPU9250_Mem_Write  mpu9250.o
    0x08003e98   0x08003e98   0x00000060   Code   RO         4469    i.MX_ADC1_Init      adc.o
    0x08003ef8   0x08003ef8   0x0000005c   Code   RO         4509    i.MX_DMA_Init       dma.o
    0x08003f54   0x08003f54   0x000000f8   Code   RO         4440    i.MX_GPIO_Init      gpio.o
    0x0800404c   0x0800404c   0x00000054   Code   RO         4538    i.MX_I2C1_Init      i2c.o
    0x080040a0   0x080040a0   0x0000005c   Code   RO         4580    i.MX_SPI1_Init      spi.o
    0x080040fc   0x080040fc   0x0000005c   Code   RO         4581    i.MX_SPI3_Init      spi.o
    0x08004158   0x08004158   0x00000078   Code   RO         4633    i.MX_TIM2_Init      tim.o
    0x080041d0   0x080041d0   0x000000b8   Code   RO         4634    i.MX_TIM3_Init      tim.o
    0x08004288   0x08004288   0x00000058   Code   RO         4635    i.MX_TIM6_Init      tim.o
    0x080042e0   0x080042e0   0x000000c4   Code   RO         4636    i.MX_TIM8_Init      tim.o
    0x080043a4   0x080043a4   0x0000004c   Code   RO         4718    i.MX_USART1_UART_Init  usart.o
    0x080043f0   0x080043f0   0x0000004c   Code   RO         4719    i.MX_USART3_UART_Init  usart.o
    0x0800443c   0x0800443c   0x00000038   Code   RO         4764    i.MX_USB_DEVICE_Init  usb_device.o
    0x08004474   0x08004474   0x00000002   Code   RO         5155    i.MemManage_Handler  stm32f1xx_it.o
    0x08004476   0x08004476   0x00000002   PAD
    0x08004478   0x08004478   0x000000b4   Code   RO         4159    i.Moto_Balance_PID_Ctrl  moto_ctrl.o
    0x0800452c   0x0800452c   0x00000054   Code   RO         4161    i.Motor_Stop        moto_ctrl.o
    0x08004580   0x08004580   0x00000002   Code   RO         5156    i.NMI_Handler       stm32f1xx_it.o
    0x08004582   0x08004582   0x00000020   Code   RO         3273    i.NVIC_SetPriority  stm32f1xx_hal_cortex.o
    0x080045a2   0x080045a2   0x00000362   Code   RO          184    i.PCD_EP_ISR_Handler  stm32f1xx_hal_pcd.o
    0x08004904   0x08004904   0x00000002   Code   RO         5157    i.PendSV_Handler    stm32f1xx_it.o
    0x08004906   0x08004906   0x00000002   PAD
    0x08004908   0x08004908   0x00000040   Code   RO         4005    i.ReadUserButton0   common.o
    0x08004948   0x08004948   0x00000040   Code   RO         4006    i.ReadUserButton1   common.o
    0x08004988   0x08004988   0x00000020   Code   RO         1298    i.SPI_CheckFlag_BSY  stm32f1xx_hal_spi.o
    0x080049a8   0x080049a8   0x00000096   Code   RO         1317    i.SPI_WaitFlagStateUntilTimeout  stm32f1xx_hal_spi.o
    0x08004a3e   0x08004a3e   0x00000002   Code   RO         5158    i.SVC_Handler       stm32f1xx_it.o
    0x08004a40   0x08004a40   0x0000008c   Code   RO         4007    i.SetWorkMode       common.o
    0x08004acc   0x08004acc   0x00000018   Code   RO         4162    i.SpeedCaptureTimeOut  moto_ctrl.o
    0x08004ae4   0x08004ae4   0x0000004c   Code   RO         4163    i.Speed_Driection_Calculate  moto_ctrl.o
    0x08004b30   0x08004b30   0x00000004   Code   RO         5159    i.SysTick_Handler   stm32f1xx_it.o
    0x08004b34   0x08004b34   0x0000007e   Code   RO         4365    i.SystemClock_Config  main.o
    0x08004bb2   0x08004bb2   0x00000002   PAD
    0x08004bb4   0x08004bb4   0x00000048   Code   RO         3689    i.SystemInit        system_stm32f1xx.o
    0x08004bfc   0x08004bfc   0x00000084   Code   RO         4010    i.SystemTimer1msCallback  common.o
    0x08004c80   0x08004c80   0x0000000c   Code   RO         5160    i.TIM1_UP_IRQHandler  stm32f1xx_it.o
    0x08004c8c   0x08004c8c   0x0000000c   Code   RO         5161    i.TIM2_IRQHandler   stm32f1xx_it.o
    0x08004c98   0x08004c98   0x0000000c   Code   RO         5162    i.TIM3_IRQHandler   stm32f1xx_it.o
    0x08004ca4   0x08004ca4   0x0000000c   Code   RO         5163    i.TIM6_IRQHandler   stm32f1xx_it.o
    0x08004cb0   0x08004cb0   0x0000008c   Code   RO         1696    i.TIM_Base_SetConfig  stm32f1xx_hal_tim.o
    0x08004d3c   0x08004d3c   0x00000016   Code   RO         1697    i.TIM_CCxChannelCmd  stm32f1xx_hal_tim.o
    0x08004d52   0x08004d52   0x00000014   Code   RO         1703    i.TIM_ETR_SetConfig  stm32f1xx_hal_tim.o
    0x08004d66   0x08004d66   0x00000010   Code   RO         1704    i.TIM_ITRx_SetConfig  stm32f1xx_hal_tim.o
    0x08004d76   0x08004d76   0x00000002   PAD
    0x08004d78   0x08004d78   0x00000060   Code   RO         1705    i.TIM_OC1_SetConfig  stm32f1xx_hal_tim.o
    0x08004dd8   0x08004dd8   0x0000006c   Code   RO         1706    i.TIM_OC2_SetConfig  stm32f1xx_hal_tim.o
    0x08004e44   0x08004e44   0x00000068   Code   RO         1707    i.TIM_OC3_SetConfig  stm32f1xx_hal_tim.o
    0x08004eac   0x08004eac   0x00000050   Code   RO         1708    i.TIM_OC4_SetConfig  stm32f1xx_hal_tim.o
    0x08004efc   0x08004efc   0x00000022   Code   RO         1710    i.TIM_TI1_ConfigInputStage  stm32f1xx_hal_tim.o
    0x08004f1e   0x08004f1e   0x00000002   PAD
    0x08004f20   0x08004f20   0x0000006c   Code   RO         1711    i.TIM_TI1_SetConfig  stm32f1xx_hal_tim.o
    0x08004f8c   0x08004f8c   0x00000024   Code   RO         1712    i.TIM_TI2_ConfigInputStage  stm32f1xx_hal_tim.o
    0x08004fb0   0x08004fb0   0x00000036   Code   RO         1713    i.TIM_TI2_SetConfig  stm32f1xx_hal_tim.o
    0x08004fe6   0x08004fe6   0x00000010   Code   RO         2512    i.UART_DMAAbortOnError  stm32f1xx_hal_uart.o
    0x08004ff6   0x08004ff6   0x0000004a   Code   RO         2513    i.UART_DMAError     stm32f1xx_hal_uart.o
    0x08005040   0x08005040   0x0000003c   Code   RO         2514    i.UART_DMAReceiveCplt  stm32f1xx_hal_uart.o
    0x0800507c   0x0800507c   0x0000000a   Code   RO         2516    i.UART_DMARxHalfCplt  stm32f1xx_hal_uart.o
    0x08005086   0x08005086   0x0000002e   Code   RO         2518    i.UART_DMATransmitCplt  stm32f1xx_hal_uart.o
    0x080050b4   0x080050b4   0x0000000a   Code   RO         2520    i.UART_DMATxHalfCplt  stm32f1xx_hal_uart.o
    0x080050be   0x080050be   0x0000001c   Code   RO         2522    i.UART_EndRxTransfer  stm32f1xx_hal_uart.o
    0x080050da   0x080050da   0x00000012   Code   RO         2523    i.UART_EndTxTransfer  stm32f1xx_hal_uart.o
    0x080050ec   0x080050ec   0x00000096   Code   RO         2524    i.UART_Receive_IT   stm32f1xx_hal_uart.o
    0x08005182   0x08005182   0x00000002   PAD
    0x08005184   0x08005184   0x00000170   Code   RO         2525    i.UART_SetConfig    stm32f1xx_hal_uart.o
    0x080052f4   0x080052f4   0x00000062   Code   RO         2526    i.UART_Transmit_IT  stm32f1xx_hal_uart.o
    0x08005356   0x08005356   0x00000064   Code   RO         2527    i.UART_WaitOnFlagUntilTimeout  stm32f1xx_hal_uart.o
    0x080053ba   0x080053ba   0x00000002   PAD
    0x080053bc   0x080053bc   0x00000018   Code   RO         5164    i.USART1_IRQHandler  stm32f1xx_it.o
    0x080053d4   0x080053d4   0x00000018   Code   RO         5165    i.USART3_IRQHandler  stm32f1xx_it.o
    0x080053ec   0x080053ec   0x00000014   Code   RO         5658    i.USBD_CDC_DataIn   usbd_cdc.o
    0x08005400   0x08005400   0x0000002e   Code   RO         5659    i.USBD_CDC_DataOut  usbd_cdc.o
    0x0800542e   0x0800542e   0x0000003c   Code   RO         5660    i.USBD_CDC_DeInit   usbd_cdc.o
    0x0800546a   0x0800546a   0x00000024   Code   RO         5661    i.USBD_CDC_EP0_RxReady  usbd_cdc.o
    0x0800548e   0x0800548e   0x00000002   PAD
    0x08005490   0x08005490   0x0000000c   Code   RO         5662    i.USBD_CDC_GetDeviceQualifierDescriptor  usbd_cdc.o
    0x0800549c   0x0800549c   0x0000000c   Code   RO         5663    i.USBD_CDC_GetFSCfgDesc  usbd_cdc.o
    0x080054a8   0x080054a8   0x0000000c   Code   RO         5664    i.USBD_CDC_GetHSCfgDesc  usbd_cdc.o
    0x080054b4   0x080054b4   0x0000000c   Code   RO         5665    i.USBD_CDC_GetOtherSpeedCfgDesc  usbd_cdc.o
    0x080054c0   0x080054c0   0x00000088   Code   RO         5666    i.USBD_CDC_Init     usbd_cdc.o
    0x08005548   0x08005548   0x00000028   Code   RO         5667    i.USBD_CDC_ReceivePacket  usbd_cdc.o
    0x08005570   0x08005570   0x00000010   Code   RO         5668    i.USBD_CDC_RegisterInterface  usbd_cdc.o
    0x08005580   0x08005580   0x0000000c   Code   RO         5669    i.USBD_CDC_SetRxBuffer  usbd_cdc.o
    0x0800558c   0x0800558c   0x00000010   Code   RO         5670    i.USBD_CDC_SetTxBuffer  usbd_cdc.o
    0x0800559c   0x0800559c   0x00000070   Code   RO         5671    i.USBD_CDC_Setup    usbd_cdc.o
    0x0800560c   0x0800560c   0x0000000e   Code   RO         5395    i.USBD_ClrClassConfig  usbd_core.o
    0x0800561a   0x0800561a   0x00000010   Code   RO         5598    i.USBD_CtlContinueRx  usbd_ioreq.o
    0x0800562a   0x0800562a   0x00000010   Code   RO         5599    i.USBD_CtlContinueSendData  usbd_ioreq.o
    0x0800563a   0x0800563a   0x00000016   Code   RO         5533    i.USBD_CtlError     usbd_ctlreq.o
    0x08005650   0x08005650   0x0000001e   Code   RO         5600    i.USBD_CtlPrepareRx  usbd_ioreq.o
    0x0800566e   0x0800566e   0x00000016   Code   RO         5601    i.USBD_CtlReceiveStatus  usbd_ioreq.o
    0x08005684   0x08005684   0x0000001a   Code   RO         5602    i.USBD_CtlSendData  usbd_ioreq.o
    0x0800569e   0x0800569e   0x00000016   Code   RO         5603    i.USBD_CtlSendStatus  usbd_ioreq.o
    0x080056b4   0x080056b4   0x00000020   Code   RO         5028    i.USBD_FS_ConfigStrDescriptor  usbd_desc.o
    0x080056d4   0x080056d4   0x0000000c   Code   RO         5029    i.USBD_FS_DeviceDescriptor  usbd_desc.o
    0x080056e0   0x080056e0   0x00000024   Code   RO         5030    i.USBD_FS_InterfaceStrDescriptor  usbd_desc.o
    0x08005704   0x08005704   0x0000000c   Code   RO         5031    i.USBD_FS_LangIDStrDescriptor  usbd_desc.o
    0x08005710   0x08005710   0x00000028   Code   RO         5032    i.USBD_FS_ManufacturerStrDescriptor  usbd_desc.o
    0x08005738   0x08005738   0x0000002c   Code   RO         5033    i.USBD_FS_ProductStrDescriptor  usbd_desc.o
    0x08005764   0x08005764   0x00000024   Code   RO         5034    i.USBD_FS_SerialStrDescriptor  usbd_desc.o
    0x08005788   0x08005788   0x000000e0   Code   RO         5534    i.USBD_GetDescriptor  usbd_ctlreq.o
    0x08005868   0x08005868   0x00000046   Code   RO         5535    i.USBD_GetString    usbd_ctlreq.o
    0x080058ae   0x080058ae   0x0000002a   Code   RO         5397    i.USBD_Init         usbd_core.o
    0x080058d8   0x080058d8   0x00000020   Code   RO         4835    i.USBD_LL_ClearStallEP  usbd_conf.o
    0x080058f8   0x080058f8   0x00000020   Code   RO         4836    i.USBD_LL_CloseEP   usbd_conf.o
    0x08005918   0x08005918   0x000000aa   Code   RO         5398    i.USBD_LL_DataInStage  usbd_core.o
    0x080059c2   0x080059c2   0x0000006a   Code   RO         5399    i.USBD_LL_DataOutStage  usbd_core.o
    0x08005a2c   0x08005a2c   0x00000008   Code   RO         4840    i.USBD_LL_GetRxDataSize  usbd_conf.o
    0x08005a34   0x08005a34   0x000000a0   Code   RO         4841    i.USBD_LL_Init      usbd_conf.o
    0x08005ad4   0x08005ad4   0x0000001c   Code   RO         4842    i.USBD_LL_IsStallEP  usbd_conf.o
    0x08005af0   0x08005af0   0x00000026   Code   RO         4843    i.USBD_LL_OpenEP    usbd_conf.o
    0x08005b16   0x08005b16   0x00000020   Code   RO         4844    i.USBD_LL_PrepareReceive  usbd_conf.o
    0x08005b36   0x08005b36   0x0000003e   Code   RO         5404    i.USBD_LL_Reset     usbd_core.o
    0x08005b74   0x08005b74   0x0000000c   Code   RO         5405    i.USBD_LL_Resume    usbd_core.o
    0x08005b80   0x08005b80   0x00000018   Code   RO         5406    i.USBD_LL_SOF       usbd_core.o
    0x08005b98   0x08005b98   0x00000006   Code   RO         5407    i.USBD_LL_SetSpeed  usbd_core.o
    0x08005b9e   0x08005b9e   0x00000020   Code   RO         4845    i.USBD_LL_SetUSBAddress  usbd_conf.o
    0x08005bbe   0x08005bbe   0x0000005a   Code   RO         5408    i.USBD_LL_SetupStage  usbd_core.o
    0x08005c18   0x08005c18   0x00000020   Code   RO         4846    i.USBD_LL_StallEP   usbd_conf.o
    0x08005c38   0x08005c38   0x00000020   Code   RO         4847    i.USBD_LL_Start     usbd_conf.o
    0x08005c58   0x08005c58   0x00000012   Code   RO         5409    i.USBD_LL_Suspend   usbd_core.o
    0x08005c6a   0x08005c6a   0x00000020   Code   RO         4849    i.USBD_LL_Transmit  usbd_conf.o
    0x08005c8a   0x08005c8a   0x00000028   Code   RO         5536    i.USBD_ParseSetupRequest  usbd_ctlreq.o
    0x08005cb2   0x08005cb2   0x00000010   Code   RO         5410    i.USBD_RegisterClass  usbd_core.o
    0x08005cc2   0x08005cc2   0x00000016   Code   RO         5412    i.USBD_SetClassConfig  usbd_core.o
    0x08005cd8   0x08005cd8   0x00000074   Code   RO         5537    i.USBD_SetConfig    usbd_ctlreq.o
    0x08005d4c   0x08005d4c   0x0000000a   Code   RO         5413    i.USBD_Start        usbd_core.o
    0x08005d56   0x08005d56   0x000000f2   Code   RO         5538    i.USBD_StdDevReq    usbd_ctlreq.o
    0x08005e48   0x08005e48   0x000000dc   Code   RO         5539    i.USBD_StdEPReq     usbd_ctlreq.o
    0x08005f24   0x08005f24   0x00000034   Code   RO         5540    i.USBD_StdItfReq    usbd_ctlreq.o
    0x08005f58   0x08005f58   0x00000002   Code   RO         4850    i.USBD_static_free  usbd_conf.o
    0x08005f5a   0x08005f5a   0x00000002   PAD
    0x08005f5c   0x08005f5c   0x00000008   Code   RO         4851    i.USBD_static_malloc  usbd_conf.o
    0x08005f64   0x08005f64   0x0000025c   Code   RO          397    i.USB_ActivateEndpoint  stm32f1xx_ll_usb.o
    0x080061c0   0x080061c0   0x00000004   Code   RO          400    i.USB_CoreInit      stm32f1xx_ll_usb.o
    0x080061c4   0x080061c4   0x00000124   Code   RO          402    i.USB_DeactivateEndpoint  stm32f1xx_ll_usb.o
    0x080062e8   0x080062e8   0x00000004   Code   RO          403    i.USB_DevConnect    stm32f1xx_ll_usb.o
    0x080062ec   0x080062ec   0x00000004   Code   RO          404    i.USB_DevDisconnect  stm32f1xx_ll_usb.o
    0x080062f0   0x080062f0   0x0000001e   Code   RO          405    i.USB_DevInit       stm32f1xx_ll_usb.o
    0x0800630e   0x0800630e   0x0000000e   Code   RO          406    i.USB_DisableGlobalInt  stm32f1xx_ll_usb.o
    0x0800631c   0x0800631c   0x00000004   Code   RO          407    i.USB_EP0_OutStart  stm32f1xx_ll_usb.o
    0x08006320   0x08006320   0x0000006a   Code   RO          408    i.USB_EPClearStall  stm32f1xx_ll_usb.o
    0x0800638a   0x0800638a   0x0000004a   Code   RO          409    i.USB_EPSetStall    stm32f1xx_ll_usb.o
    0x080063d4   0x080063d4   0x000001aa   Code   RO          410    i.USB_EPStartXfer   stm32f1xx_ll_usb.o
    0x0800657e   0x0800657e   0x0000000e   Code   RO          411    i.USB_EnableGlobalInt  stm32f1xx_ll_usb.o
    0x0800658c   0x0800658c   0x0000000c   Code   RO         5166    i.USB_LP_CAN1_RX0_IRQHandler  stm32f1xx_it.o
    0x08006598   0x08006598   0x00000006   Code   RO          418    i.USB_ReadInterrupts  stm32f1xx_ll_usb.o
    0x0800659e   0x0800659e   0x00000002   PAD
    0x080065a0   0x080065a0   0x0000001e   Code   RO          419    i.USB_ReadPMA       stm32f1xx_ll_usb.o
    0x080065be   0x080065be   0x00000004   Code   RO          421    i.USB_SetCurrentMode  stm32f1xx_ll_usb.o
    0x080065c2   0x080065c2   0x0000000c   Code   RO          422    i.USB_SetDevAddress  stm32f1xx_ll_usb.o
    0x080065ce   0x080065ce   0x00000026   Code   RO          424    i.USB_WritePMA      stm32f1xx_ll_usb.o
    0x080065f4   0x080065f4   0x0000006c   Code   RO         3960    i.Uart_OSC_Output_Data  uart_osc.o
    0x08006660   0x08006660   0x00000018   Code   RO         3961    i.Uart_OSC_ShowWave  uart_osc.o
    0x08006678   0x08006678   0x000000a0   Code   RO         3731    i.Uart_RxIDLE_Handler  esp8266.o
    0x08006718   0x08006718   0x00000002   Code   RO         5167    i.UsageFault_Handler  stm32f1xx_it.o
    0x0800671a   0x0800671a   0x00000002   PAD
    0x0800671c   0x0800671c   0x00000090   Code   RO         4011    i.UserTask          common.o
    0x080067ac   0x080067ac   0x00000002   Code   RO         4366    i._Error_Handler    main.o
    0x080067ae   0x080067ae   0x00000028   Code   RO         5857    i.__ARM_fpclassify  m_ws.l(fpclassify.o)
    0x080067d6   0x080067d6   0x000000aa   Code   RO         5859    i.__kernel_poly     m_ws.l(poly.o)
    0x08006880   0x08006880   0x00000006   Code   RO         5813    i.__mathlib_dbl_infnan  m_ws.l(dunder.o)
    0x08006886   0x08006886   0x00000004   Code   RO         5814    i.__mathlib_dbl_infnan2  m_ws.l(dunder.o)
    0x0800688a   0x0800688a   0x00000002   PAD
    0x0800688c   0x0800688c   0x00000010   Code   RO         5818    i.__mathlib_dbl_underflow  m_ws.l(dunder.o)
    0x0800689c   0x0800689c   0x0000000e   Code   RO         5867    i.__scatterload_copy  mc_w.l(handlers.o)
    0x080068aa   0x080068aa   0x00000002   Code   RO         5868    i.__scatterload_null  mc_w.l(handlers.o)
    0x080068ac   0x080068ac   0x0000000e   Code   RO         5869    i.__scatterload_zeroinit  mc_w.l(handlers.o)
    0x080068ba   0x080068ba   0x00000002   PAD
    0x080068bc   0x080068bc   0x00000220   Code   RO         5803    i.atan              m_ws.l(atan.o)
    0x08006adc   0x08006adc   0x00000180   Code   RO         5762    i.atan2             m_ws.l(atan2.o)
    0x08006c5c   0x08006c5c   0x0000007c   Code   RO         5354    i.dot_matrix_init   dot_matrix.o
    0x08006cd8   0x08006cd8   0x00000044   Code   RO         4166    i.left_backward     moto_ctrl.o
    0x08006d1c   0x08006d1c   0x00000040   Code   RO         4167    i.left_forward      moto_ctrl.o
    0x08006d5c   0x08006d5c   0x00000058   Code   RO         4367    i.main              main.o
    0x08006db4   0x08006db4   0x00000040   Code   RO         4168    i.right_backward    moto_ctrl.o
    0x08006df4   0x08006df4   0x00000044   Code   RO         4169    i.right_forward     moto_ctrl.o
    0x08006e38   0x08006e38   0x000000b4   Code   RO         5355    i.show_dot_matrix   dot_matrix.o
    0x08006eec   0x08006eec   0x00000010   Data   RO         3690    .constdata          system_stm32f1xx.o
    0x08006efc   0x08006efc   0x00000008   Data   RO         3691    .constdata          system_stm32f1xx.o
    0x08006f04   0x08006f04   0x00000004   PAD
    0x08006f08   0x08006f08   0x00000098   Data   RO         5804    .constdata          m_ws.l(atan.o)
    0x08006fa0   0x08006fa0   0x00000008   Data   RO         5826    .constdata          m_ws.l(qnan.o)
    0x08006fa8   0x08006fa8   0x00000020   Data   RO         5865    Region$$Table       anon$$obj.o


    Execution Region RW_IRAM1 (Exec base: 0x20000000, Load base: 0x08006fc8, Size: 0x00003178, Max: 0x0000c000, ABSOLUTE, COMPRESSED[0x000000dc])

    Exec Addr    Load Addr    Size         Type   Attr      Idx    E Section Name        Object

    0x20000000   COMPRESSED   0x0000000c   Data   RW         2823    .data               stm32f1xx_hal.o
    0x2000000c   COMPRESSED   0x00000004   Data   RW         3692    .data               system_stm32f1xx.o
    0x20000010   COMPRESSED   0x00000004   Data   RW         3893    .data               mpu9250.o
    0x20000014   COMPRESSED   0x00000008   Data   RW         3962    .data               uart_osc.o
    0x2000001c   COMPRESSED   0x00000014   Data   RW         4012    .data               common.o
    0x20000030   COMPRESSED   0x0000001c   Data   RW         5036    .data               usbd_desc.o
    0x2000004c   COMPRESSED   0x00000016   Data   RW         5037    .data               usbd_desc.o
    0x20000062   COMPRESSED   0x00000002   PAD
    0x20000064   COMPRESSED   0x00000010   Data   RW         5102    .data               usbd_cdc_if.o
    0x20000074   COMPRESSED   0x00000037   Data   RW         5357    .data               dot_matrix.o
    0x200000ab   COMPRESSED   0x00000001   Data   RW         5541    .data               usbd_ctlreq.o
    0x200000ac   COMPRESSED   0x000000db   Data   RW         5673    .data               usbd_cdc.o
    0x20000187   COMPRESSED   0x00000001   PAD
    0x20000188   COMPRESSED   0x00000038   Data   RW         5674    .data               usbd_cdc.o
    0x200001c0        -       0x00000894   Zero   RW         3732    .bss                esp8266.o
    0x20000a54        -       0x00000050   Zero   RW         3892    .bss                mpu9250.o
    0x20000aa4        -       0x0000005c   Zero   RW         4170    .bss                moto_ctrl.o
    0x20000b00        -       0x00000030   Zero   RW         4470    .bss                adc.o
    0x20000b30        -       0x00000054   Zero   RW         4539    .bss                i2c.o
    0x20000b84        -       0x000000b0   Zero   RW         4582    .bss                spi.o
    0x20000c34        -       0x00000100   Zero   RW         4637    .bss                tim.o
    0x20000d34        -       0x00000190   Zero   RW         4720    .bss                usart.o
    0x20000ec4        -       0x00000224   Zero   RW         4765    .bss                usb_device.o
    0x200010e8        -       0x00000680   Zero   RW         4852    .bss                usbd_conf.o
    0x20001768        -       0x00000200   Zero   RW         5035    .bss                usbd_desc.o
    0x20001968        -       0x000007d0   Zero   RW         5101    .bss                usbd_cdc_if.o
    0x20002138        -       0x00000040   Zero   RW         5317    .bss                stm32f1xx_hal_timebase_tim.o
    0x20002178        -       0x00001000   Zero   RW            1    STACK               startup_stm32f103xe.o


==============================================================================

Image component sizes


      Code (inc. data)   RO Data    RW Data    ZI Data      Debug   Object Name

       160         38          0          0         48       1477   adc.o
       796         88          0         20          0      10019   common.o
       104         20          0          0          0        577   data_process.o
        92          4          0          0          0        718   dma.o
       304         24          0         55          0       1798   dot_matrix.o
       856         84          0          0       2196     472129   esp8266.o
       248         16          0          0          0        935   gpio.o
       152         44          0          0         84       1481   i2c.o
       280         20          0          0          0       2587   main.o
      1084        126          0          0         92     428048   moto_ctrl.o
       452         52          0          4         80       7767   mpu9250.o
       384         90          0          0        176       2574   spi.o
        36          8        304          0       4096        784   startup_stm32f103xe.o
       100         18          0         12          0       3062   stm32f1xx_hal.o
       616         28          0          0          0       3264   stm32f1xx_hal_adc.o
       228         14          0          0          0      27205   stm32f1xx_hal_cortex.o
      1222         52          0          0          0       4898   stm32f1xx_hal_dma.o
       772         74          0          0          0       4954   stm32f1xx_hal_gpio.o
         0          0          0          0          0     517080   stm32f1xx_hal_gpio_ex.o
       320         18          0          0          0       2879   stm32f1xx_hal_i2c.o
       144         10          0          0          0        870   stm32f1xx_hal_msp.o
      1810          0          0          0          0       9765   stm32f1xx_hal_pcd.o
        52          0          0          0          0       1134   stm32f1xx_hal_pcd_ex.o
        32          8          0          0          0        499   stm32f1xx_hal_pwr.o
      1360        114          0          0          0       6105   stm32f1xx_hal_rcc.o
       236         12          0          0          0       1344   stm32f1xx_hal_rcc_ex.o
      1350          0          0          0          0       5939   stm32f1xx_hal_spi.o
       130          0          0          0          0       1023   stm32f1xx_hal_spi_ex.o
      2510         92          0          0          0      20636   stm32f1xx_hal_tim.o
       174          0          0          0          0       3022   stm32f1xx_hal_tim_ex.o
       116         18          0          0         64       1384   stm32f1xx_hal_timebase_tim.o
      1920         38          0          0          0      15439   stm32f1xx_hal_uart.o
       176         66          0          0          0       8226   stm32f1xx_it.o
      1666          0          0          0          0      12263   stm32f1xx_ll_usb.o
        72         16         24          4          0       1103   system_stm32f1xx.o
       892        146          0          0        256       5519   tim.o
       184         14          0          8          0       2558   uart_osc.o
       544         92          0          0        400       2507   usart.o
        56         18          0          0        548       6695   usb_device.o
       542         22          0        275          0      11576   usbd_cdc.o
        68         16          0         16       2000       2402   usbd_cdc_if.o
       652         50          0          0       1664      12657   usbd_conf.o
       592          0          0          0          0       8876   usbd_core.o
       986         30          0          1          0       7560   usbd_ctlreq.o
       212        116          0         50        512       4735   usbd_desc.o
       132          0          0          0          0       4184   usbd_ioreq.o

    ----------------------------------------------------------------------
     24858       1696        364        448      12216    1652257   Object Totals
         0          0         32          0          0          0   (incl. Generated)
        44          0          4          3          0          0   (incl. Padding)

    ----------------------------------------------------------------------

      Code (inc. data)   RO Data    RW Data    ZI Data      Debug   Library Member Name

       544         70        152          0          0        124   atan.o
       384         38          0          0          0        144   atan2.o
        26          6          0          0          0        204   dunder.o
        40          0          0          0          0         68   fpclassify.o
       170          0          0          0          0         96   poly.o
         0          0          8          0          0          0   qnan.o
        86          0          0          0          0          0   __dczerorl2.o
         0          0          0          0          0          0   entry.o
         0          0          0          0          0          0   entry10a.o
         0          0          0          0          0          0   entry11a.o
         8          4          0          0          0          0   entry2.o
         4          0          0          0          0          0   entry5.o
         0          0          0          0          0          0   entry7b.o
         0          0          0          0          0          0   entry8b.o
         8          4          0          0          0          0   entry9a.o
        30          0          0          0          0          0   handlers.o
        36          8          0          0          0         68   init.o
         0          0          0          0          0          0   iusefp.o
        30          0          0          0          0         68   llshl.o
        36          0          0          0          0         68   llsshr.o
        32          0          0          0          0         68   llushr.o
        36          0          0          0          0         68   memcpya.o
        36          0          0          0          0        108   memseta.o
        56          0          0          0          0         88   d2f.o
       334          0          0          0          0        148   dadd.o
       222          0          0          0          0        100   ddiv.o
       186          0          0          0          0        176   depilogue.o
        34          0          0          0          0         76   dflti.o
       228          0          0          0          0         96   dmul.o
        46          0          0          0          0         80   dscalb.o
        38          0          0          0          0         68   f2d.o
       176          0          0          0          0        140   fadd.o
       124          0          0          0          0         88   fdiv.o
       110          0          0          0          0        168   fepilogue.o
        50          0          0          0          0         68   ffixi.o
        18          0          0          0          0         68   fflti.o
       100          0          0          0          0         76   fmul.o

    ----------------------------------------------------------------------
      3234        130        160          0          0       2524   Library Totals
         6          0          0          0          0          0   (incl. Padding)

    ----------------------------------------------------------------------

      Code (inc. data)   RO Data    RW Data    ZI Data      Debug   Library Name

      1164        114        160          0          0        636   m_ws.l
       342         16          0          0          0        448   mc_w.l
      1722          0          0          0          0       1440   mf_w.l

    ----------------------------------------------------------------------
      3234        130        160          0          0       2524   Library Totals

    ----------------------------------------------------------------------

==============================================================================


      Code (inc. data)   RO Data    RW Data    ZI Data      Debug   

     28092       1826        524        448      12216    1638997   Grand Totals
     28092       1826        524        220      12216    1638997   ELF Image Totals (compressed)
     28092       1826        524        220          0          0   ROM Totals

==============================================================================

    Total RO  Size (Code + RO Data)                28616 (  27.95kB)
    Total RW  Size (RW Data + ZI Data)             12664 (  12.37kB)
    Total ROM Size (Code + RO Data + RW Data)      28836 (  28.16kB)

==============================================================================

